<html>
<body>
<pre>
<h1>µVision Build Log</h1>
<h2>Tool Versions:</h2>
IDE-Version: ¦ÌVision V5.21.1.0
Copyright (C) 2016 ARM Ltd and ARM Germany GmbH. All rights reserved.
License Information: Kendy YL, snya, LIC=76F56-D7ZC8-8TA3P-M9GW2-CDLA8-AAKFW
 
Tool Versions:
Toolchain:       MDK-ARM Plus  Version: 5.21a
Toolchain Path:  d:\Keil_v5\ARM\ARMCC\Bin
C Compiler:      Armcc.exe V5.06 update 3 (build 300)
Assembler:       Armasm.exe V5.06 update 3 (build 300)
Linker/Locator:  ArmLink.exe V5.06 update 3 (build 300)
Library Manager: ArmAr.exe V5.06 update 3 (build 300)
Hex Converter:   FromElf.exe V5.06 update 3 (build 300)
CPU DLL:         SARMCM3.DLL V5.21a
Dialog DLL:      DARMSTM.DLL V1.66.0.1
Target DLL:      Segger\JL2CM3.dll V2.99.23.0
Dialog DLL:      TARMSTM.DLL V1.65.0.0
 
<h2>Project:</h2>
F:\google_disk\drive-download-20180529T124021Z-001\Program_total\WF5\WIFI5_program_Indep_20181218A\USER\UCOSII-3.uvproj
Project File Date:  11/17/2018

<h2>Output:</h2>
*** Using Compiler 'V5.06 update 3 (build 300)', folder: 'd:\Keil_v5\ARM\ARMCC\Bin'
Rebuild target 'Target 1'
assembling startup_stm32f10x_md.s...
compiling core_cm3.c...
compiling adc.c...
..\HARDWARE\ADC\adc.c(84): warning:  #177-D: variable "temp_val" was declared but never referenced
  	u32 temp_val=0;
..\HARDWARE\ADC\adc.c: 1 warning, 0 errors
compiling beep.c...
compiling key.c...
compiling led.c...
compiling key_onoff.c...
compiling timer.c...
compiling control.c...
compiling key_prime.c...
compiling key_fc.c...
compiling key_actual.c...
compiling key_Down.c...
compiling LCD.c...
..\HARDWARE\LCD\LCD.c(267): warning:  #177-D: variable "All_Action_sensor_Status_flags" was declared but never referenced
  	u8  All_Action_sensor_Status_flags=0;
..\HARDWARE\LCD\LCD.c: 1 warning, 0 errors
compiling key_set.c...
compiling key_temp.c...
compiling key_time.c...
compiling key_up.c...
compiling PID.c...
..\HARDWARE\PID\PID.c(42): warning:  #177-D: variable "PostSum" was declared but never referenced
      u32 PostSum = 0;     //???ýº?
..\HARDWARE\PID\PID.c(43): warning:  #177-D: variable "NegSum" was declared but never referenced
      u32 NegSum = 0;      //¸º?ýº?
..\HARDWARE\PID\PID.c(44): warning:  #177-D: variable "i" was declared but never referenced
  	u16 i =0;
..\HARDWARE\PID\PID.c: 3 warnings, 0 errors
compiling dma.c...
..\HARDWARE\DMA\dma.c(340): warning:  #177-D: variable "probe_temp_set" was declared but never referenced
  	u16 probe_temp_set=0;
..\HARDWARE\DMA\dma.c: 1 warning, 0 errors
compiling bsp_exti.c...
compiling misc.c...
compiling stm32f10x_adc.c...
compiling stm32f10x_fsmc.c...
compiling stm32f10x_gpio.c...
compiling stm32f10x_rcc.c...
compiling stm32f10x_spi.c...
compiling stm32f10x_usart.c...
compiling stm32f10x_tim.c...
compiling stm32f10x_dma.c...
compiling stm32f10x_exti.c...
compiling delay.c...
compiling sys.c...
compiling usart.c...
..\SYSTEM\usart\usart.c(122): warning:  #177-D: variable "Res" was declared but never referenced
  	u8 Res;
..\SYSTEM\usart\usart.c: 1 warning, 0 errors
compiling stm32f10x_it.c...
compiling main.c...
main.c(528): warning:  #177-D: variable "on" was declared but never referenced
  	u8 on=0;
main.c(529): warning:  #177-D: variable "button" was declared but never referenced
  	u8 button=0;
main.c(530): warning:  #177-D: variable "k" was declared but never referenced
  	u16 k;
main.c(1130): warning:  #111-D: statement is unreachable
  				if(Recipe_Start==2)//?Ú²Ëµ¥½??øºóµÄ±??Â°???set°´?ü£¬½????Þ²Ëµ?×´Ì¬
main.c(1261): warning:  #177-D: variable "key_prime_press" was declared but never referenced
  	u8 key_prime_press=0;
main.c(1267): warning:  #550-D: variable "long_press_beep" was set but never used
  	u8 long_press_beep=0;//³¤°´???ø·????÷²???
main.c(1619): warning:  #177-D: variable "In_Temp_temp" was declared but never referenced
  	u16 In_Temp_temp=0;
main.c(1624): warning:  #177-D: variable "R_Value_probe1" was declared but never referenced
  	u32 R_Value_probe1=0;
main.c(1625): warning:  #177-D: variable "R_Value_probe2" was declared but never referenced
  	u32 R_Value_probe2=0;
main.c(1626): warning:  #177-D: variable "R_Value_probePC" was declared but never referenced
  	u32 R_Value_probePC=0;
main.c(2056): warning:  #177-D: variable "in_tempkendy" was declared but never referenced
  	u16 in_temp_set,in_temp,temp,in_tempkendy;
main.c(2057): warning:  #177-D: variable "probe_temp" was declared but never referenced
  	u16 probe_temp;
main.c(2059): warning:  #177-D: variable "temp_x" was declared but never referenced
  	u16 temp_x;
main.c(2062): warning:  #550-D: variable "in_temp_old" was set but never used
  	u16 in_temp_old=0;
main.c(2063): warning:  #550-D: variable "probe_temp_old" was set but never used
  	u16 probe_temp_old=0;
main.c(2357): warning:  #177-D: variable "flags" was declared but never referenced
  	u16 flags;
main.c(2360): warning:  #177-D: variable "wifi_blink_counter" was declared but never referenced
  	u16 wifi_blink_counter=0;
main.c: 17 warnings, 0 errors
compiling system_stm32f10x.c...
compiling os_core.c...
compiling os_mbox.c...
compiling os_flag.c...
compiling os_mem.c...
compiling os_q.c...
compiling os_mutex.c...
compiling os_time.c...
compiling os_sem.c...
compiling os_task.c...
compiling os_cpu_c.c...
compiling os_dbg.c...
assembling os_cpu_a.asm...
compiling os_tmr.c...
linking...
Program Size: Code=34420 RO-data=556 RW-data=944 ZI-data=9624  
FromELF: creating hex file...
"..\OBJ\UCOSII-3.axf" - 0 Error(s), 24 Warning(s).
Build Time Elapsed:  00:00:12
</pre>
</body>
</html>
