Component: ARM Compiler 5.06 update 3 (build 300) Tool: armlink [4d35c9]

==============================================================================

Section Cross References

    startup_stm32f10x_md.o(STACK) refers (Special) to heapauxi.o(.text) for __use_two_region_memory
    startup_stm32f10x_md.o(HEAP) refers (Special) to heapauxi.o(.text) for __use_two_region_memory
    startup_stm32f10x_md.o(RESET) refers (Special) to heapauxi.o(.text) for __use_two_region_memory
    startup_stm32f10x_md.o(RESET) refers to startup_stm32f10x_md.o(STACK) for __initial_sp
    startup_stm32f10x_md.o(RESET) refers to startup_stm32f10x_md.o(.text) for Reset_Handler
    startup_stm32f10x_md.o(RESET) refers to stm32f10x_it.o(i.NMI_Handler) for NMI_Handler
    startup_stm32f10x_md.o(RESET) refers to stm32f10x_it.o(i.HardFault_Handler) for HardFault_Handler
    startup_stm32f10x_md.o(RESET) refers to stm32f10x_it.o(i.MemManage_Handler) for MemManage_Handler
    startup_stm32f10x_md.o(RESET) refers to stm32f10x_it.o(i.BusFault_Handler) for BusFault_Handler
    startup_stm32f10x_md.o(RESET) refers to stm32f10x_it.o(i.UsageFault_Handler) for UsageFault_Handler
    startup_stm32f10x_md.o(RESET) refers to stm32f10x_it.o(i.SVC_Handler) for SVC_Handler
    startup_stm32f10x_md.o(RESET) refers to stm32f10x_it.o(i.DebugMon_Handler) for DebugMon_Handler
    startup_stm32f10x_md.o(RESET) refers to os_cpu_a.o(.text) for PendSV_Handler
    startup_stm32f10x_md.o(RESET) refers to delay.o(i.SysTick_Handler) for SysTick_Handler
    startup_stm32f10x_md.o(RESET) refers to main.o(i.EXTI1_IRQHandler) for EXTI1_IRQHandler
    startup_stm32f10x_md.o(RESET) refers to dma.o(i.DMA1_Channel4_IRQHandler) for DMA1_Channel4_IRQHandler
    startup_stm32f10x_md.o(RESET) refers to timer.o(i.TIM3_IRQHandler) for TIM3_IRQHandler
    startup_stm32f10x_md.o(RESET) refers to usart.o(i.USART1_IRQHandler) for USART1_IRQHandler
    startup_stm32f10x_md.o(.text) refers (Special) to heapauxi.o(.text) for __use_two_region_memory
    startup_stm32f10x_md.o(.text) refers to system_stm32f10x.o(i.SystemInit) for SystemInit
    startup_stm32f10x_md.o(.text) refers to __main.o(!!!main) for __main
    startup_stm32f10x_md.o(.text) refers to startup_stm32f10x_md.o(HEAP) for Heap_Mem
    startup_stm32f10x_md.o(.text) refers to startup_stm32f10x_md.o(STACK) for Stack_Mem
    adc.o(i.Adc_Init) refers to stm32f10x_rcc.o(i.RCC_APB2PeriphClockCmd) for RCC_APB2PeriphClockCmd
    adc.o(i.Adc_Init) refers to stm32f10x_rcc.o(i.RCC_ADCCLKConfig) for RCC_ADCCLKConfig
    adc.o(i.Adc_Init) refers to stm32f10x_gpio.o(i.GPIO_Init) for GPIO_Init
    adc.o(i.Adc_Init) refers to stm32f10x_adc.o(i.ADC_DeInit) for ADC_DeInit
    adc.o(i.Adc_Init) refers to stm32f10x_adc.o(i.ADC_Init) for ADC_Init
    adc.o(i.Adc_Init) refers to stm32f10x_adc.o(i.ADC_Cmd) for ADC_Cmd
    adc.o(i.Adc_Init) refers to stm32f10x_adc.o(i.ADC_ResetCalibration) for ADC_ResetCalibration
    adc.o(i.Adc_Init) refers to stm32f10x_adc.o(i.ADC_GetResetCalibrationStatus) for ADC_GetResetCalibrationStatus
    adc.o(i.Adc_Init) refers to stm32f10x_adc.o(i.ADC_StartCalibration) for ADC_StartCalibration
    adc.o(i.Adc_Init) refers to stm32f10x_adc.o(i.ADC_GetCalibrationStatus) for ADC_GetCalibrationStatus
    adc.o(i.Get_Adc) refers to stm32f10x_adc.o(i.ADC_RegularChannelConfig) for ADC_RegularChannelConfig
    adc.o(i.Get_Adc) refers to stm32f10x_adc.o(i.ADC_SoftwareStartConvCmd) for ADC_SoftwareStartConvCmd
    adc.o(i.Get_Adc) refers to stm32f10x_adc.o(i.ADC_GetFlagStatus) for ADC_GetFlagStatus
    adc.o(i.Get_Adc) refers to stm32f10x_adc.o(i.ADC_GetConversionValue) for ADC_GetConversionValue
    adc.o(i.Get_Adc_Average) refers to adc.o(i.Get_Adc) for Get_Adc
    adc.o(i.Get_Adc_Average) refers to delay.o(i.delay_ms) for delay_ms
    adc.o(i.Get_Mot_hot_fan_Average) refers to adc.o(i.Get_Adc) for Get_Adc
    adc.o(i.Get_Mot_hot_fan_Average) refers to delay.o(i.delay_ms) for delay_ms
    beep.o(i.BEEP_Init) refers to stm32f10x_rcc.o(i.RCC_APB2PeriphClockCmd) for RCC_APB2PeriphClockCmd
    beep.o(i.BEEP_Init) refers to stm32f10x_gpio.o(i.GPIO_Init) for GPIO_Init
    beep.o(i.BEEP_Init) refers to stm32f10x_rcc.o(i.RCC_APB1PeriphClockCmd) for RCC_APB1PeriphClockCmd
    beep.o(i.BEEP_Init) refers to stm32f10x_tim.o(i.TIM_TimeBaseInit) for TIM_TimeBaseInit
    beep.o(i.BEEP_Init) refers to stm32f10x_tim.o(i.TIM_OC1Init) for TIM_OC1Init
    beep.o(i.BEEP_Init) refers to stm32f10x_tim.o(i.TIM_OC1PreloadConfig) for TIM_OC1PreloadConfig
    beep.o(i.BEEP_Init) refers to stm32f10x_tim.o(i.TIM_Cmd) for TIM_Cmd
    key.o(i.KEY_Init) refers to stm32f10x_rcc.o(i.RCC_APB2PeriphClockCmd) for RCC_APB2PeriphClockCmd
    key.o(i.KEY_Init) refers to stm32f10x_gpio.o(i.GPIO_Init) for GPIO_Init
    key_onoff.o(i.BSP_Key_Onoff_Short_Long) refers to key_onoff.o(i.KeyScan) for KeyScan
    key_onoff.o(i.KeyScan) refers to stm32f10x_gpio.o(i.GPIO_ReadInputDataBit) for GPIO_ReadInputDataBit
[...]
    I2C1_EV_IRQHandler                       0x080001eb   Thumb Code     0  startup_stm32f10x_md.o(.text)
    I2C2_ER_IRQHandler                       0x080001eb   Thumb Code     0  startup_stm32f10x_md.o(.text)
    I2C2_EV_IRQHandler                       0x080001eb   Thumb Code     0  startup_stm32f10x_md.o(.text)
    PVD_IRQHandler                           0x080001eb   Thumb Code     0  startup_stm32f10x_md.o(.text)
    RCC_IRQHandler                           0x080001eb   Thumb Code     0  startup_stm32f10x_md.o(.text)
    RTCAlarm_IRQHandler                      0x080001eb   Thumb Code     0  startup_stm32f10x_md.o(.text)
    RTC_IRQHandler                           0x080001eb   Thumb Code     0  startup_stm32f10x_md.o(.text)
    SPI1_IRQHandler                          0x080001eb   Thumb Code     0  startup_stm32f10x_md.o(.text)
    SPI2_IRQHandler                          0x080001eb   Thumb Code     0  startup_stm32f10x_md.o(.text)
    TAMPER_IRQHandler                        0x080001eb   Thumb Code     0  startup_stm32f10x_md.o(.text)
    TIM1_BRK_IRQHandler                      0x080001eb   Thumb Code     0  startup_stm32f10x_md.o(.text)
    TIM1_CC_IRQHandler                       0x080001eb   Thumb Code     0  startup_stm32f10x_md.o(.text)
    TIM1_TRG_COM_IRQHandler                  0x080001eb   Thumb Code     0  startup_stm32f10x_md.o(.text)
    TIM1_UP_IRQHandler                       0x080001eb   Thumb Code     0  startup_stm32f10x_md.o(.text)
    TIM2_IRQHandler                          0x080001eb   Thumb Code     0  startup_stm32f10x_md.o(.text)
    TIM4_IRQHandler                          0x080001eb   Thumb Code     0  startup_stm32f10x_md.o(.text)
    USART2_IRQHandler                        0x080001eb   Thumb Code     0  startup_stm32f10x_md.o(.text)
    USART3_IRQHandler                        0x080001eb   Thumb Code     0  startup_stm32f10x_md.o(.text)
    USBWakeUp_IRQHandler                     0x080001eb   Thumb Code     0  startup_stm32f10x_md.o(.text)
    USB_HP_CAN1_TX_IRQHandler                0x080001eb   Thumb Code     0  startup_stm32f10x_md.o(.text)
    USB_LP_CAN1_RX0_IRQHandler               0x080001eb   Thumb Code     0  startup_stm32f10x_md.o(.text)
    WWDG_IRQHandler                          0x080001eb   Thumb Code     0  startup_stm32f10x_md.o(.text)
    __user_initial_stackheap                 0x080001ed   Thumb Code     0  startup_stm32f10x_md.o(.text)
    OS_CPU_SR_Save                           0x08000211   Thumb Code     0  os_cpu_a.o(.text)
    OS_CPU_SR_Restore                        0x08000219   Thumb Code     0  os_cpu_a.o(.text)
    OSStartHighRdy                           0x0800021f   Thumb Code     0  os_cpu_a.o(.text)
    OSCtxSw                                  0x08000241   Thumb Code     0  os_cpu_a.o(.text)
    OSIntCtxSw                               0x0800024f   Thumb Code     0  os_cpu_a.o(.text)
    PendSV_Handler                           0x0800025f   Thumb Code     0  os_cpu_a.o(.text)
    __use_no_semihosting                     0x080002c5   Thumb Code     2  use_no_semi_2.o(.text)
    __2sprintf                               0x080002c9   Thumb Code    34  noretval__2sprintf.o(.text)
    _printf_pre_padding                      0x080002f1   Thumb Code    44  _printf_pad.o(.text)
    _printf_post_padding                     0x0800031d   Thumb Code    34  _printf_pad.o(.text)
    _printf_int_dec                          0x08000341   Thumb Code   104  _printf_dec.o(.text)
    __printf                                 0x080003b9   Thumb Code   308  __printf_flags_wp.o(.text)
    __aeabi_memcpy                           0x080004f1   Thumb Code     0  rt_memcpy_v6.o(.text)
    __rt_memcpy                              0x080004f1   Thumb Code   138  rt_memcpy_v6.o(.text)
    _memcpy_lastbytes                        0x08000557   Thumb Code     0  rt_memcpy_v6.o(.text)
    __aeabi_memclr4                          0x0800057b   Thumb Code     0  rt_memclr_w.o(.text)
    __aeabi_memclr8                          0x0800057b   Thumb Code     0  rt_memclr_w.o(.text)
    __rt_memclr_w                            0x0800057b   Thumb Code    78  rt_memclr_w.o(.text)
    _memset_w                                0x0800057f   Thumb Code     0  rt_memclr_w.o(.text)
    __use_two_region_memory                  0x080005c9   Thumb Code     2  heapauxi.o(.text)
    __rt_heap_escrow$2region                 0x080005cb   Thumb Code     2  heapauxi.o(.text)
    __rt_heap_expand$2region                 0x080005cd   Thumb Code     2  heapauxi.o(.text)
    __I$use$semihosting                      0x080005cf   Thumb Code     0  use_no_semi.o(.text)
    __use_no_semihosting_swi                 0x080005cf   Thumb Code     2  use_no_semi.o(.text)
    _printf_int_common                       0x080005d1   Thumb Code   178  _printf_intcommon.o(.text)
    _printf_char_common                      0x0800068f   Thumb Code    32  _printf_char_common.o(.text)
    _sputc                                   0x080006b5   Thumb Code    10  _sputc.o(.text)
    __aeabi_memcpy4                          0x080006bf   Thumb Code     0  rt_memcpy_w.o(.text)
    __aeabi_memcpy8                          0x080006bf   Thumb Code     0  rt_memcpy_w.o(.text)
    __rt_memcpy_w                            0x080006bf   Thumb Code   100  rt_memcpy_w.o(.text)
    _memcpy_lastbytes_aligned                0x08000707   Thumb Code     0  rt_memcpy_w.o(.text)
    __user_setup_stackheap                   0x08000723   Thumb Code    74  sys_stackheap_outer.o(.text)
    exit                                     0x0800076d   Thumb Code    18  exit.o(.text)
    __user_libspace                          0x08000781   Thumb Code     8  libspace.o(.text)
    __user_perproc_libspace                  0x08000781   Thumb Code     0  libspace.o(.text)
    __user_perthread_libspace                0x08000781   Thumb Code     0  libspace.o(.text)
    ADC_Cmd                                  0x08000789   Thumb Code    22  stm32f10x_adc.o(i.ADC_Cmd)
    ADC_DeInit                               0x080007a1   Thumb Code    78  stm32f10x_adc.o(i.ADC_DeInit)
    ADC_GetCalibrationStatus                 0x080007fd   Thumb Code    20  stm32f10x_adc.o(i.ADC_GetCalibrationStatus)
    ADC_GetConversionValue                   0x08000811   Thumb Code     8  stm32f10x_adc.o(i.ADC_GetConversionValue)
    ADC_GetFlagStatus                        0x08000819   Thumb Code    18  stm32f10x_adc.o(i.ADC_GetFlagStatus)
    ADC_GetResetCalibrationStatus            0x0800082b   Thumb Code    20  stm32f10x_adc.o(i.ADC_GetResetCalibrationStatus)
    ADC_Init                                 0x08000841   Thumb Code    70  stm32f10x_adc.o(i.ADC_Init)
    ADC_RegularChannelConfig                 0x08000891   Thumb Code   184  stm32f10x_adc.o(i.ADC_RegularChannelConfig)
    ADC_ResetCalibration                     0x08000949   Thumb Code    10  stm32f10x_adc.o(i.ADC_ResetCalibration)
    ADC_SoftwareStartConvCmd                 0x08000953   Thumb Code    22  stm32f10x_adc.o(i.ADC_SoftwareStartConvCmd)
    ADC_StartCalibration                     0x08000969   Thumb Code    10  stm32f10x_adc.o(i.ADC_StartCalibration)
    Adc_Init                                 0x08000975   Thumb Code   152  adc.o(i.Adc_Init)
    BEEP_Init                                0x08000a19   Thumb Code   166  beep.o(i.BEEP_Init)
    BSP_Key_Actual_Short_Long                0x08000ac9   Thumb Code     8  key_actual.o(i.BSP_Key_Actual_Short_Long)
    BSP_Key_Down_Short_Long                  0x08000ad1   Thumb Code     8  key_down.o(i.BSP_Key_Down_Short_Long)
    BSP_Key_FC_Short_Long                    0x08000ad9   Thumb Code     8  key_fc.o(i.BSP_Key_FC_Short_Long)
    BSP_Key_Onoff_Short_Long                 0x08000ae1   Thumb Code     8  key_onoff.o(i.BSP_Key_Onoff_Short_Long)
    BSP_Key_Prime_Single_Continuous          0x08000ae9   Thumb Code     8  key_prime.o(i.BSP_Key_Prime_Single_Continuous)
    BSP_Key_Set_Short_Long                   0x08000af1   Thumb Code     8  key_set.o(i.BSP_Key_Set_Short_Long)
    BSP_Key_Up_Short_Long                    0x08000af9   Thumb Code     8  key_up.o(i.BSP_Key_Up_Short_Long)
    BusFault_Handler                         0x08000b01   Thumb Code     4  stm32f10x_it.o(i.BusFault_Handler)
    Control_Init                             0x08000b05   Thumb Code    50  control.o(i.Control_Init)
    DMA1_Channel4_IRQHandler                 0x08000b3d   Thumb Code    28  dma.o(i.DMA1_Channel4_IRQHandler)
    DMA_ClearFlag                            0x08000b5d   Thumb Code    18  stm32f10x_dma.o(i.DMA_ClearFlag)
    DMA_Cmd                                  0x08000b79   Thumb Code    24  stm32f10x_dma.o(i.DMA_Cmd)
    DMA_DeInit                               0x08000b91   Thumb Code   324  stm32f10x_dma.o(i.DMA_DeInit)
    DMA_GetCurrDataCounter                   0x08000cdd   Thumb Code     8  stm32f10x_dma.o(i.DMA_GetCurrDataCounter)
    DMA_GetFlagStatus                        0x08000ce5   Thumb Code    36  stm32f10x_dma.o(i.DMA_GetFlagStatus)
    DMA_ITConfig                             0x08000d11   Thumb Code    18  stm32f10x_dma.o(i.DMA_ITConfig)
    DMA_Init                                 0x08000d23   Thumb Code    60  stm32f10x_dma.o(i.DMA_Init)
    DMA_SetCurrDataCounter                   0x08000d5f   Thumb Code     4  stm32f10x_dma.o(i.DMA_SetCurrDataCounter)
    DebugMon_Handler                         0x08000d63   Thumb Code     2  stm32f10x_it.o(i.DebugMon_Handler)
    EXTI1_IRQHandler                         0x08000d65   Thumb Code    80  main.o(i.EXTI1_IRQHandler)
    EXTI_ClearITPendingBit                   0x08000dc5   Thumb Code     6  stm32f10x_exti.o(i.EXTI_ClearITPendingBit)
    EXTI_GetITStatus                         0x08000dd1   Thumb Code    34  stm32f10x_exti.o(i.EXTI_GetITStatus)
    EXTI_Init                                0x08000df9   Thumb Code   142  stm32f10x_exti.o(i.EXTI_Init)
    EXTI_Key_Config                          0x08000e8d   Thumb Code    72  bsp_exti.o(i.EXTI_Key_Config)
    GPIO_EXTILineConfig                      0x08000ed9   Thumb Code    60  stm32f10x_gpio.o(i.GPIO_EXTILineConfig)
    GPIO_Init                                0x08000f19   Thumb Code   278  stm32f10x_gpio.o(i.GPIO_Init)
    GPIO_PinRemapConfig                      0x08001031   Thumb Code   138  stm32f10x_gpio.o(i.GPIO_PinRemapConfig)
    GPIO_ReadInputDataBit                    0x080010c1   Thumb Code    18  stm32f10x_gpio.o(i.GPIO_ReadInputDataBit)
    GPIO_ResetBits                           0x080010d3   Thumb Code     4  stm32f10x_gpio.o(i.GPIO_ResetBits)
    GPIO_SetBits                             0x080010d7   Thumb Code     4  stm32f10x_gpio.o(i.GPIO_SetBits)
    Get_Adc                                  0x080010dd   Thumb Code    46  adc.o(i.Get_Adc)
    Get_Adc_Average                          0x08001111   Thumb Code    46  adc.o(i.Get_Adc_Average)
    Get_Mot_hot_fan_Average                  0x0800113f   Thumb Code   104  adc.o(i.Get_Mot_hot_fan_Average)
    HardFault_Handler                        0x080011a7   Thumb Code     4  stm32f10x_it.o(i.HardFault_Handler)
    Ht1621WrAllData                          0x080011ab   Thumb Code    62  lcd.o(i.Ht1621WrAllData)
    Ht1621WrCmd                              0x080011e9   Thumb Code    30  lcd.o(i.Ht1621WrCmd)
    Ht1621WrOneData                          0x08001207   Thumb Code    42  lcd.o(i.Ht1621WrOneData)
    Ht1621Wr_Data                            0x08001231   Thumb Code    62  lcd.o(i.Ht1621Wr_Data)
    Ht1621_CS_0                              0x08001271   Thumb Code     8  lcd.o(i.Ht1621_CS_0)
    Ht1621_CS_1                              0x0800127d   Thumb Code     8  lcd.o(i.Ht1621_CS_1)
    Ht1621_DO_0                              0x08001289   Thumb Code     8  lcd.o(i.Ht1621_DO_0)
    Ht1621_DO_1                              0x08001295   Thumb Code     8  lcd.o(i.Ht1621_DO_1)
    Ht1621_Init                              0x080012a1   Thumb Code   160  lcd.o(i.Ht1621_Init)
    Ht1621_WR_0                              0x08001351   Thumb Code     8  lcd.o(i.Ht1621_WR_0)
    Ht1621_WR_1                              0x0800135d   Thumb Code     8  lcd.o(i.Ht1621_WR_1)
    KEY_Work_task                            0x08001369   Thumb Code  1432  main.o(i.KEY_Work_task)
    LCD_Action_sensor_Status_display         0x08001c59   Thumb Code    86  lcd.o(i.LCD_Action_sensor_Status_display)
    LCD_All_Off                              0x08001cb9   Thumb Code    20  lcd.o(i.LCD_All_Off)
    LCD_All_Use                              0x08001cd5   Thumb Code    20  lcd.o(i.LCD_All_Use)
    LCD_Dis_APP_RTD_Override                 0x08001cf1   Thumb Code   178  lcd.o(i.LCD_Dis_APP_RTD_Override)
    LCD_Dis_App                              0x08001db1   Thumb Code    28  lcd.o(i.LCD_Dis_App)
    LCD_Dis_Er1                              0x08001dd9   Thumb Code    20  lcd.o(i.LCD_Dis_Er1)
    LCD_Dis_Er2                              0x08001df5   Thumb Code    20  lcd.o(i.LCD_Dis_Er2)
    LCD_Dis_Er3                              0x08001e11   Thumb Code    28  lcd.o(i.LCD_Dis_Er3)
    LCD_Dis_ErH                              0x08001e39   Thumb Code    20  lcd.o(i.LCD_Dis_ErH)
    LCD_Dis_Set                              0x08001e55   Thumb Code    50  lcd.o(i.LCD_Dis_Set)
    LCD_In_Temp                              0x08001e91   Thumb Code   574  lcd.o(i.LCD_In_Temp)
    LCD_In_Temp_Undis                        0x080020f1   Thumb Code    32  lcd.o(i.LCD_In_Temp_Undis)
    LCD_On_NoPC_Init_Dis                     0x08002119   Thumb Code    22  lcd.o(i.LCD_On_NoPC_Init_Dis)
    LCD_Probe1_Temp                          0x08002139   Thumb Code   260  lcd.o(i.LCD_Probe1_Temp)
    LCD_Probe2_Temp                          0x08002255   Thumb Code   260  lcd.o(i.LCD_Probe2_Temp)
    LCD_ProbePC_Set_Temp                     0x08002371   Thumb Code   196  lcd.o(i.LCD_ProbePC_Set_Temp)
    LCD_ProbePC_Temp                         0x08002445   Thumb Code   236  lcd.o(i.LCD_ProbePC_Temp)
    LCD_Probe_Set_Temp_Undis                 0x08002549   Thumb Code    24  lcd.o(i.LCD_Probe_Set_Temp_Undis)
    LCD_UnDis_Set                            0x08002565   Thumb Code    50  lcd.o(i.LCD_UnDis_Set)
    LCD_Wifi_Dis                             0x080025a1   Thumb Code    42  lcd.o(i.LCD_Wifi_Dis)
    LCD_Wifi_Undis                           0x080025d5   Thumb Code    32  lcd.o(i.LCD_Wifi_Undis)
    LED_Init                                 0x080025fd   Thumb Code    72  led.o(i.LED_Init)
    MemManage_Handler                        0x0800264d   Thumb Code     4  stm32f10x_it.o(i.MemManage_Handler)
    NMI_Handler                              0x08002651   Thumb Code     2  stm32f10x_it.o(i.NMI_Handler)
    NVIC_Configuration                       0x08002679   Thumb Code    12  sys.o(i.NVIC_Configuration)
    NVIC_Init                                0x08002685   Thumb Code   100  misc.o(i.NVIC_Init)
    NVIC_PriorityGroupConfig                 0x080026f5   Thumb Code    10  misc.o(i.NVIC_PriorityGroupConfig)
    OSFlagCreate                             0x08002709   Thumb Code    86  os_flag.o(i.OSFlagCreate)
    OSFlagPend                               0x0800276d   Thumb Code   584  os_flag.o(i.OSFlagPend)
    OSFlagPost                               0x080029c1   Thumb Code   312  os_flag.o(i.OSFlagPost)
    OSInit                                   0x08002af9   Thumb Code    52  os_core.o(i.OSInit)
    OSInitHookBegin                          0x08002b2d   Thumb Code     8  os_cpu_c.o(i.OSInitHookBegin)
    OSInitHookEnd                            0x08002b39   Thumb Code     2  os_cpu_c.o(i.OSInitHookEnd)
    OSIntEnter                               0x08002b3d   Thumb Code    28  os_core.o(i.OSIntEnter)
    OSIntExit                                0x08002b61   Thumb Code   112  os_core.o(i.OSIntExit)
    OSMboxCreate                             0x08002bf1   Thumb Code    68  os_mbox.o(i.OSMboxCreate)
    OSMboxPend                               0x08002c3d   Thumb Code   246  os_mbox.o(i.OSMboxPend)
    OSMboxPost                               0x08002d41   Thumb Code    80  os_mbox.o(i.OSMboxPost)
    OSQCreate                                0x08002d91   Thumb Code   140  os_q.o(i.OSQCreate)
    OSQPost                                  0x08002e29   Thumb Code   114  os_q.o(i.OSQPost)
    OSSchedLock                              0x08002e9d   Thumb Code    50  os_core.o(i.OSSchedLock)
    OSSchedUnlock                            0x08002edd   Thumb Code    82  os_core.o(i.OSSchedUnlock)
    OSSemCreate                              0x08002f3d   Thumb Code    68  os_sem.o(i.OSSemCreate)
    OSSemPend                                0x08002f89   Thumb Code   222  os_sem.o(i.OSSemPend)
    OSSemPost                                0x08003075   Thumb Code    88  os_sem.o(i.OSSemPost)
    OSStart                                  0x080030cd   Thumb Code    48  os_core.o(i.OSStart)
    OSStatInit                               0x08003115   Thumb Code    62  os_core.o(i.OSStatInit)
    OSTCBInitHook                            0x08003161   Thumb Code     2  os_cpu_c.o(i.OSTCBInitHook)
    OSTaskCreate                             0x08003165   Thumb Code   148  os_task.o(i.OSTaskCreate)
    OSTaskCreateExt                          0x08003205   Thumb Code   170  os_task.o(i.OSTaskCreateExt)
    OSTaskCreateHook                         0x080032bd   Thumb Code     2  os_cpu_c.o(i.OSTaskCreateHook)
    OSTaskIdleHook                           0x080032bf   Thumb Code     2  os_cpu_c.o(i.OSTaskIdleHook)
    OSTaskNameSet                            0x080032c1   Thumb Code    98  os_task.o(i.OSTaskNameSet)
    OSTaskStatHook                           0x08003331   Thumb Code     2  os_cpu_c.o(i.OSTaskStatHook)
    OSTaskStkChk                             0x08003335   Thumb Code   132  os_task.o(i.OSTaskStkChk)
    OSTaskStkInit                            0x080033c1   Thumb Code   154  os_cpu_c.o(i.OSTaskStkInit)
    OSTaskSuspend                            0x0800345d   Thumb Code   152  os_task.o(i.OSTaskSuspend)
    OSTaskSwHook                             0x08003505   Thumb Code     2  os_cpu_c.o(i.OSTaskSwHook)
    OSTimeDly                                0x08003509   Thumb Code   100  os_time.o(i.OSTimeDly)
    OSTimeTick                               0x08003581   Thumb Code   210  os_core.o(i.OSTimeTick)
    OSTimeTickHook                           0x0800366d   Thumb Code    30  os_cpu_c.o(i.OSTimeTickHook)
    OSTmrCreate                              0x08003691   Thumb Code    96  os_tmr.o(i.OSTmrCreate)
    OSTmrSignal                              0x080036f5   Thumb Code    16  os_tmr.o(i.OSTmrSignal)
    OSTmrStart                               0x08003709   Thumb Code   128  os_tmr.o(i.OSTmrStart)
    OSTmrStop                                0x0800378d   Thumb Code   180  os_tmr.o(i.OSTmrStop)
    OSTmr_Init                               0x08003885   Thumb Code   148  os_tmr.o(i.OSTmr_Init)
    OS_EventTaskRdy                          0x08003abd   Thumb Code   114  os_core.o(i.OS_EventTaskRdy)
    OS_EventTaskRemove                       0x08003b41   Thumb Code    42  os_core.o(i.OS_EventTaskRemove)
    OS_EventTaskWait                         0x08003b6d   Thumb Code   112  os_core.o(i.OS_EventTaskWait)
    OS_EventWaitListInit                     0x08003be9   Thumb Code    28  os_core.o(i.OS_EventWaitListInit)
    OS_FlagInit                              0x08003ca9   Thumb Code    74  os_flag.o(i.OS_FlagInit)
    OS_FlagUnlink                            0x08003d5d   Thumb Code    36  os_flag.o(i.OS_FlagUnlink)
    OS_MemClr                                0x08003f8d   Thumb Code    18  os_core.o(i.OS_MemClr)
    OS_MemInit                               0x08003fa1   Thumb Code    24  os_mem.o(i.OS_MemInit)
    OS_QInit                                 0x08003fc5   Thumb Code    72  os_q.o(i.OS_QInit)
    OS_Sched                                 0x08004015   Thumb Code    88  os_core.o(i.OS_Sched)
    OS_TCBInit                               0x080040b5   Thumb Code   278  os_core.o(i.OS_TCBInit)
    OS_TaskIdle                              0x080041e9   Thumb Code    34  os_core.o(i.OS_TaskIdle)
    OS_TaskStat                              0x08004211   Thumb Code   116  os_core.o(i.OS_TaskStat)
    OS_TaskStatStkChk                        0x08004299   Thumb Code    54  os_core.o(i.OS_TaskStatStkChk)
    OS_TaskStkClr                            0x080042d5   Thumb Code    26  os_task.o(i.OS_TaskStkClr)
    PID_Operation                            0x080042f1   Thumb Code   362  pid.o(i.PID_Operation)
    PT1000_CalculateTemperature              0x08004475   Thumb Code   206  main.o(i.PT1000_CalculateTemperature)
    RCC_ADCCLKConfig                         0x08004551   Thumb Code    18  stm32f10x_rcc.o(i.RCC_ADCCLKConfig)
    RCC_AHBPeriphClockCmd                    0x08004569   Thumb Code    26  stm32f10x_rcc.o(i.RCC_AHBPeriphClockCmd)
    RCC_APB1PeriphClockCmd                   0x08004589   Thumb Code    26  stm32f10x_rcc.o(i.RCC_APB1PeriphClockCmd)
    RCC_APB2PeriphClockCmd                   0x080045a9   Thumb Code    26  stm32f10x_rcc.o(i.RCC_APB2PeriphClockCmd)
    RCC_APB2PeriphResetCmd                   0x080045c9   Thumb Code    26  stm32f10x_rcc.o(i.RCC_APB2PeriphResetCmd)
    RCC_GetClocksFreq                        0x080045e9   Thumb Code   192  stm32f10x_rcc.o(i.RCC_GetClocksFreq)
    Recv_Data_Handle                         0x080046bd   Thumb Code  1050  dma.o(i.Recv_Data_Handle)
    SVC_Handler                              0x08004b4d   Thumb Code     2  stm32f10x_it.o(i.SVC_Handler)
    Send_Act_Temp_Message                    0x08004b51   Thumb Code   252  dma.o(i.Send_Act_Temp_Message)
    Send_Display_Data_Message                0x08004c59   Thumb Code  1616  dma.o(i.Send_Display_Data_Message)
    Send_FWREV_On_Message                    0x080052b9   Thumb Code    20  dma.o(i.Send_FWREV_On_Message)
    Send_Goto_WiFi_Password_Mode             0x080052d9   Thumb Code    18  dma.o(i.Send_Goto_WiFi_Password_Mode)
    Send_Probe_Temp_Message                  0x080052f1   Thumb Code   224  dma.o(i.Send_Probe_Temp_Message)
    Send_Set_Temp_Message                    0x080053dd   Thumb Code   252  dma.o(i.Send_Set_Temp_Message)
    Send_Temp_in_uncompensated_On_Message    0x080054e5   Thumb Code   206  dma.o(i.Send_Temp_in_uncompensated_On_Message)
    Set_Buf_Free                             0x080056a9   Thumb Code    20  dma.o(i.Set_Buf_Free)
    SysTick_CLKSourceConfig                  0x08005ec1   Thumb Code    40  misc.o(i.SysTick_CLKSourceConfig)
    SysTick_Handler                          0x08005ee9   Thumb Code    16  delay.o(i.SysTick_Handler)
    SystemInit                               0x08005ef9   Thumb Code    78  system_stm32f10x.o(i.SystemInit)
    TIM3_IRQHandler                          0x08005f59   Thumb Code    22  timer.o(i.TIM3_IRQHandler)
    TIM_ClearITPendingBit                    0x08005f75   Thumb Code     6  stm32f10x_tim.o(i.TIM_ClearITPendingBit)
    TIM_Cmd                                  0x08005f7b   Thumb Code    24  stm32f10x_tim.o(i.TIM_Cmd)
    TIM_GetITStatus                          0x08005f93   Thumb Code    34  stm32f10x_tim.o(i.TIM_GetITStatus)
    TIM_OC1Init                              0x08005fb5   Thumb Code   132  stm32f10x_tim.o(i.TIM_OC1Init)
    TIM_OC1PreloadConfig                     0x0800604d   Thumb Code    18  stm32f10x_tim.o(i.TIM_OC1PreloadConfig)
    TIM_TimeBaseInit                         0x08006061   Thumb Code   122  stm32f10x_tim.o(i.TIM_TimeBaseInit)
    USART1_IRQHandler                        0x08006105   Thumb Code   110  usart.o(i.USART1_IRQHandler)
    USART_ClearITPendingBit                  0x08006189   Thumb Code    30  stm32f10x_usart.o(i.USART_ClearITPendingBit)
    USART_Cmd                                0x080061a7   Thumb Code    24  stm32f10x_usart.o(i.USART_Cmd)
    USART_DMACmd                             0x080061bf   Thumb Code    18  stm32f10x_usart.o(i.USART_DMACmd)
    USART_GetITStatus                        0x080061d1   Thumb Code    84  stm32f10x_usart.o(i.USART_GetITStatus)
    USART_ITConfig                           0x08006225   Thumb Code    74  stm32f10x_usart.o(i.USART_ITConfig)
    USART_Init                               0x08006271   Thumb Code   210  stm32f10x_usart.o(i.USART_Init)
    USART_ReceiveData                        0x08006349   Thumb Code    10  stm32f10x_usart.o(i.USART_ReceiveData)
    Uart1_DMA_Send_Array                     0x08006355   Thumb Code    58  dma.o(i.Uart1_DMA_Send_Array)
    UsageFault_Handler                       0x0800639d   Thumb Code     4  stm32f10x_it.o(i.UsageFault_Handler)
    Usart_DMA_Init                           0x080063a1   Thumb Code   200  dma.o(i.Usart_DMA_Init)
    _is_digit                                0x0800647d   Thumb Code    14  __printf_wp.o(i._is_digit)
    _sys_exit                                0x0800648b   Thumb Code     6  usart.o(i._sys_exit)
    adc_task                                 0x08006491   Thumb Code  1294  main.o(i.adc_task)
    delay_init                               0x080069ad   Thumb Code    76  delay.o(i.delay_init)
    delay_ms                                 0x08006a09   Thumb Code    62  delay.o(i.delay_ms)
    delay_us                                 0x08006a51   Thumb Code    70  delay.o(i.delay_us)
    err_task                                 0x08006a9d   Thumb Code   412  main.o(i.err_task)
    key_task                                 0x08006c59   Thumb Code   720  main.o(i.key_task)
    lcd_task                                 0x08006fad   Thumb Code   794  main.o(i.lcd_task)
    led_task                                 0x08007319   Thumb Code    56  main.o(i.led_task)
    main                                     0x08007359   Thumb Code   116  main.o(i.main)
    main_task                                0x080073e5   Thumb Code  1618  main.o(i.main_task)
    off_task                                 0x08007a95   Thumb Code   292  main.o(i.off_task)
    qmsgshow_task                            0x08007c49   Thumb Code    12  main.o(i.qmsgshow_task)
    runother_task                            0x08007c55   Thumb Code   314  main.o(i.runother_task)
    start_task                               0x08007db1   Thumb Code   188  main.o(i.start_task)
    tmr1_callback                            0x08007ecd   Thumb Code   432  main.o(i.tmr1_callback)
    tmr2_callback                            0x080080c1   Thumb Code    60  main.o(i.tmr2_callback)
    tmr3_callback                            0x08008101   Thumb Code    64  main.o(i.tmr3_callback)
    uart_init                                0x0800815d   Thumb Code   152  usart.o(i.uart_init)
    __aeabi_fadd                             0x080081fd   Thumb Code     0  faddsub_clz.o(x$fpl$fadd)
    _fadd                                    0x080081fd   Thumb Code   196  faddsub_clz.o(x$fpl$fadd)
    __aeabi_fdiv                             0x080082c1   Thumb Code     0  fdiv.o(x$fpl$fdiv)
    _fdiv                                    0x080082c1   Thumb Code   384  fdiv.o(x$fpl$fdiv)
    __aeabi_f2uiz                            0x08008445   Thumb Code     0  ffixu.o(x$fpl$ffixu)
    _ffixu                                   0x08008445   Thumb Code    62  ffixu.o(x$fpl$ffixu)
    __aeabi_i2f                              0x08008485   Thumb Code     0  fflt_clz.o(x$fpl$fflt)
    _fflt                                    0x08008485   Thumb Code    48  fflt_clz.o(x$fpl$fflt)
    __aeabi_ui2f                             0x080084b5   Thumb Code     0  fflt_clz.o(x$fpl$ffltu)
    _ffltu                                   0x080084b5   Thumb Code    38  fflt_clz.o(x$fpl$ffltu)
    __aeabi_fmul                             0x080084dd   Thumb Code     0  fmul.o(x$fpl$fmul)
    _fmul                                    0x080084dd   Thumb Code   258  fmul.o(x$fpl$fmul)
    __fpl_fnaninf                            0x080085df   Thumb Code   140  fnaninf.o(x$fpl$fnaninf)
    __fpl_fretinf                            0x0800866b   Thumb Code    10  fretinf.o(x$fpl$fretinf)
    __aeabi_fsub                             0x08008675   Thumb Code     0  faddsub_clz.o(x$fpl$fsub)
    _fsub                                    0x08008675   Thumb Code   234  faddsub_clz.o(x$fpl$fsub)
    __I$use$fp                               0x0800875e   Number         0  usenofp.o(x$fpl$usenofp)
    OSUnMapTbl                               0x0800876c   Data         256  os_core.o(.constdata)
    Region$$Table$$Base                      0x08008880   Number         0  anon$$obj.o(Region$$Table)
    Region$$Table$$Limit                     0x080088a0   Number         0  anon$$obj.o(Region$$Table)
    Key_Onoff_ShortPressOK                   0x20000000   Data           1  key_onoff.o(.data)
    Key_Onoff_LongPressOK                    0x20000001   Data           1  key_onoff.o(.data)
    Key_Onoff_DoublePressOK                  0x20000002   Data           1  key_onoff.o(.data)
    Key_Prime_SinglePressOK                  0x20000020   Data           1  key_prime.o(.data)
    Key_Prime_ContinuousPressOK              0x20000021   Data           1  key_prime.o(.data)
    Key_Prime_DoublePressOK                  0x20000022   Data           1  key_prime.o(.data)
    Key_FC_ShortPressOK                      0x20000044   Data           1  key_fc.o(.data)
    Key_FC_LongPressOK                       0x20000045   Data           1  key_fc.o(.data)
    Key_FC_DoublePressOK                     0x20000046   Data           1  key_fc.o(.data)
    Probe1_ERR                               0x20000063   Data           1  lcd.o(.data)
    Probe2_ERR                               0x20000064   Data           1  lcd.o(.data)
    ProbePC_ERR                              0x20000065   Data           1  lcd.o(.data)
    ProbeTempIn_ERR                          0x20000066   Data           1  lcd.o(.data)
    disbuff_TempIn                           0x20000067   Data           4  lcd.o(.data)
    disbuff_TempP1                           0x2000006b   Data           3  lcd.o(.data)
    disbuff_TempP2                           0x2000006e   Data           3  lcd.o(.data)
    disbuff_TempPC                           0x20000071   Data           3  lcd.o(.data)
    Lcd_A2829A3031                           0x20000074   Data           2  lcd.o(.data)
    DispAZTab                                0x20000076   Data          26  lcd.o(.data)
    DispAppTab                               0x20000090   Data           4  lcd.o(.data)
    LcdOnTab                                 0x20000094   Data          16  lcd.o(.data)
    LcdUseOnNoPCTab                          0x200000a4   Data          16  lcd.o(.data)
    LcdUseOnTab                              0x200000b4   Data          16  lcd.o(.data)
    DispErrTab                               0x200000c4   Data           4  lcd.o(.data)
    DispErfTab                               0x200000c8   Data           4  lcd.o(.data)
    DispEr1Tab                               0x200000cc   Data          16  lcd.o(.data)
    DispEr2Tab                               0x200000dc   Data          16  lcd.o(.data)
    DispEr3Tab                               0x200000ec   Data          16  lcd.o(.data)
    DispErHTab                               0x200000fc   Data           4  lcd.o(.data)
    DispNoprobeOFFTab                        0x20000100   Data           3  lcd.o(.data)
    DispBypTab                               0x20000103   Data           3  lcd.o(.data)
    DispStaTab                               0x20000106   Data           3  lcd.o(.data)
    DispSmoTab                               0x20000109   Data           3  lcd.o(.data)
    DispOffTab                               0x2000010c   Data           3  lcd.o(.data)
    DispPriTab                               0x2000010f   Data           3  lcd.o(.data)
    DispFedTab                               0x20000112   Data           3  lcd.o(.data)
    DispNumTab                               0x20000115   Data          10  lcd.o(.data)
    DispOnInitTab                            0x2000011f   Data          16  lcd.o(.data)
    Key_Actual_ShortPressOK                  0x20000130   Data           1  key_actual.o(.data)
    Key_Actual_LongPressOK                   0x20000131   Data           1  key_actual.o(.data)
    Key_Actual_DoublePressOK                 0x20000132   Data           1  key_actual.o(.data)
    Key_Down_ShortPressOK                    0x20000150   Data           1  key_down.o(.data)
    Key_Down_LongPressOK                     0x20000151   Data           1  key_down.o(.data)
    Key_Down_DoublePressOK                   0x20000152   Data           1  key_down.o(.data)
    Key_Set_ShortPressOK                     0x20000170   Data           1  key_set.o(.data)
    Key_Set_LongPressOK                      0x20000171   Data           1  key_set.o(.data)
    Key_Set_DoublePressOK                    0x20000172   Data           1  key_set.o(.data)
    Key_Temp_ShortPressOK                    0x20000190   Data           1  key_temp.o(.data)
    Key_Temp_LongPressOK                     0x20000191   Data           1  key_temp.o(.data)
    Key_Temp_DoublePressOK                   0x20000192   Data           1  key_temp.o(.data)
    Key_Up_ShortPressOK                      0x200001b0   Data           1  key_up.o(.data)
    Key_Up_LongPressOK                       0x200001b1   Data           1  key_up.o(.data)
    Key_Up_DoublePressOK                     0x200001b2   Data           1  key_up.o(.data)
    g_bPIDRunFlag                            0x200001ce   Data           1  pid.o(.data)
    iTemp                                    0x200001d0   Data           2  pid.o(.data)
    Pid_up                                   0x200001d2   Data           2  pid.o(.data)
    Pid_down                                 0x200001d4   Data           2  pid.o(.data)
    BBQ_Status_Struct                        0x200001da   Data           6  dma.o(.data)
    All_Action_sensor_Status_flags_old       0x200001e0   Data           1  dma.o(.data)
    APP_Control_Override                     0x200001e1   Data           1  dma.o(.data)
    APP_Control_Override_Auger               0x200001e2   Data           1  dma.o(.data)
    APP_Control_Override_Fan                 0x200001e3   Data           1  dma.o(.data)
    APP_Control_Override_RTD                 0x200001e4   Data           2  dma.o(.data)
    APP_Display_Override                     0x200001e6   Data           1  dma.o(.data)
    APP_Display_RTD                          0x200001e7   Data           3  dma.o(.data)
    APP_Control_Override_flag                0x200001ea   Data           1  dma.o(.data)
    U1_DMA_SEND_FREE_FLAG                    0x200001eb   Data           1  dma.o(.data)
    Key_Onoff_App_LongPressOK                0x200001ec   Data           1  dma.o(.data)
    Key_Up_Down_App_Temp                     0x200001ee   Data           2  dma.o(.data)
    Key_Up_App_ShortPressOK                  0x200001f0   Data           1  dma.o(.data)
    Key_Down_App_ShortPressOK                0x200001f1   Data           1  dma.o(.data)
    Key_Direct_App_ShortPressOK              0x200001f2   Data           1  dma.o(.data)
    Key_Prime_App_ContinuousPressOK          0x200001f3   Data           1  dma.o(.data)
    DMA1_MEM_LEN                             0x200001f4   Data           2  dma.o(.data)
    Recipe_Start                             0x200001f6   Data           1  dma.o(.data)
    Recipe_Time_Count                        0x200001f8   Data           2  dma.o(.data)
    Recipe_Step                              0x200001fa   Data           1  dma.o(.data)
    Recipe_Beep                              0x200001fb   Data           1  dma.o(.data)
    __stdout                                 0x20000214   Data           4  usart.o(.data)
    USART_RX_STA                             0x20000218   Data           2  usart.o(.data)
    SetPC_flag                               0x2000021c   Data           1  main.o(.data)
    LCD_temp_grid_L                          0x2000021d   Data           1  main.o(.data)
    LCD_temp_grid_H                          0x2000021e   Data           1  main.o(.data)
    LCD_S14_S22_A30A31                       0x2000021f   Data           1  main.o(.data)
    LCD_S31_S13_A0A1                         0x20000220   Data           1  main.o(.data)
    All_Action_sensor_Status_display         0x20000221   Data           1  main.o(.data)
    All_Action_sensor_Status_flags           0x20000222   Data           1  main.o(.data)
    temp_test                                0x20000224   Data           2  main.o(.data)
    In_Temp                                  0x20000226   Data           2  main.o(.data)
    In_Temp_Uncompensated                    0x20000228   Data           2  main.o(.data)
    In_Temp_Set                              0x2000022a   Data           2  main.o(.data)
    In_Temp_Set_Max                          0x2000022c   Data           2  main.o(.data)
    Probe_Temp_Set                           0x2000022e   Data           2  main.o(.data)
    Probe_Temp_Set_Max                       0x20000230   Data           2  main.o(.data)
    Probe_Temp_Set_Min                       0x20000232   Data           2  main.o(.data)
    Probe_Temp1                              0x20000234   Data           2  main.o(.data)
    Probe_Temp2                              0x20000236   Data           2  main.o(.data)
    Probe_TempPC                             0x20000238   Data           2  main.o(.data)
    Time_Set_Hour                            0x2000023a   Data           1  main.o(.data)
    Time_Set_Min                             0x2000023b   Data           1  main.o(.data)
    Time_Actual_Hour                         0x2000023c   Data           1  main.o(.data)
    Time_Actual_Min                          0x2000023d   Data           1  main.o(.data)
    Time_Actual                              0x2000023e   Data           2  main.o(.data)
    Time_End                                 0x20000240   Data           1  main.o(.data)
    Temp_Press_Step                          0x20000241   Data           1  main.o(.data)
    Time_Press_Step                          0x20000242   Data           1  main.o(.data)
    Start_Hot                                0x20000243   Data           1  main.o(.data)
    HOT_Continue_On                          0x20000244   Data           1  main.o(.data)
    Flags_Err                                0x20000245   Data           1  main.o(.data)
    Flags_Prime                              0x20000246   Data           1  main.o(.data)
    Set_Interface_Count                      0x20000248   Data           2  main.o(.data)
    uCounter                                 0x2000024a   Data           1  main.o(.data)
    PID_Cycle                                0x2000024c   Data           2  main.o(.data)
    PID_Counter                              0x2000024e   Data           2  main.o(.data)
    System_Run_Counter                       0x20000250   Data           4  main.o(.data)
    Key_Up_Down_Send_to_APP                  0x20000254   Data           1  main.o(.data)
    Wifi_Blink                               0x20000255   Data           1  main.o(.data)
    Lcd_refresh_CNT                          0x20000256   Data           1  main.o(.data)
    count_hot_on_CNT                         0x20000258   Data           2  main.o(.data)
    count_hot_on_CNT_buf                     0x2000025a   Data           2  main.o(.data)
    count_hot_on_CNT_Enable                  0x2000025c   Data           1  main.o(.data)
    main_char                                0x2000025d   Data           6  main.o(.data)
    Set_temp_change                          0x20000263   Data           1  main.o(.data)
    count_low_temp_enable                    0x20000264   Data           1  main.o(.data)
    count_low_temp                           0x20000266   Data           2  main.o(.data)
    count_hot_on_CNT_Enable_buf              0x20000268   Data           1  main.o(.data)
    count_low_temp_enable_buf                0x20000269   Data           1  main.o(.data)
    Key_UpDown_Long_flag                     0x2000026a   Data           1  main.o(.data)
    tmr2sta                                  0x2000026b   Data           1  main.o(.data)
    tmr3sta                                  0x2000026c   Data           1  main.o(.data)
    count_hot_on                             0x2000026e   Data           2  main.o(.data)
    start_num                                0x20000270   Data           1  main.o(.data)
    start_num_buf                            0x20000271   Data           1  main.o(.data)
    start_temp                               0x20000272   Data           2  main.o(.data)
    start_temp_buf                           0x20000274   Data           2  main.o(.data)
    start_temp_rise                          0x20000276   Data           2  main.o(.data)
    start_mode                               0x20000278   Data           1  main.o(.data)
    start_mode_buf                           0x20000279   Data           1  main.o(.data)
    low_temp_start_mode                      0x2000027a   Data           1  main.o(.data)
    APP_Lock_Flags                           0x2000027b   Data           1  main.o(.data)
    FAN_buf                                  0x2000027c   Data           1  main.o(.data)
    HOT_buf                                  0x2000027d   Data           1  main.o(.data)
    MOT_buf                                  0x2000027e   Data           1  main.o(.data)
    fan_sensor                               0x2000027f   Data           1  main.o(.data)
    fan_sensor_plus                          0x20000280   Data           1  main.o(.data)
    hot_sensor                               0x20000281   Data           1  main.o(.data)
    hot_sensor_plus                          0x20000282   Data           1  main.o(.data)
    mot_sensor                               0x20000283   Data           1  main.o(.data)
    mot_sensor_plus                          0x20000284   Data           1  main.o(.data)
    fan_sensor_1                             0x20000285   Data           1  main.o(.data)
    hot_sensor_1                             0x20000286   Data           1  main.o(.data)
    mot_sensor_1                             0x20000287   Data           1  main.o(.data)
    RTD_TAB_PT1000                           0x20000288   Data         124  main.o(.data)
    msg_key                                  0x20000304   Data           4  main.o(.data)
    q_msg                                    0x20000308   Data           4  main.o(.data)
    tmr1                                     0x2000030c   Data           4  main.o(.data)
    tmr2                                     0x20000310   Data           4  main.o(.data)
    tmr3                                     0x20000314   Data           4  main.o(.data)
    flags_run                                0x20000318   Data           4  main.o(.data)
    Flags_Run_Post                           0x2000031c   Data           2  main.o(.data)
    Flags_Run_On                             0x2000031e   Data           2  main.o(.data)
    Flags_Run_Off                            0x20000320   Data           2  main.o(.data)
    Flags_Run_Err1                           0x20000322   Data           2  main.o(.data)
    Flags_Run_Err2                           0x20000324   Data           2  main.o(.data)
    Flags_Run_Err3                           0x20000326   Data           2  main.o(.data)
    Flags_Run_Err4                           0x20000328   Data           2  main.o(.data)
    Flags_C_DIS                              0x2000032a   Data           2  main.o(.data)
    Flags_Set_Actuall                        0x2000032c   Data           2  main.o(.data)
    Rotation_Positive                        0x20000332   Data           1  stm32f10x_it.o(.data)
    Rotation_Negative                        0x20000333   Data           1  stm32f10x_it.o(.data)
    SystemCoreClock                          0x20000334   Data           4  system_stm32f10x.o(.data)
    AHBPrescTable                            0x20000338   Data          16  system_stm32f10x.o(.data)
    OSCtxSwCtr                               0x20000348   Data           4  os_core.o(.data)
    OSEventFreeList                          0x2000034c   Data           4  os_core.o(.data)
    OSFlagFreeList                           0x20000350   Data           4  os_core.o(.data)
    OSCPUUsage                               0x20000354   Data           1  os_core.o(.data)
    OSIdleCtrMax                             0x20000358   Data           4  os_core.o(.data)
    OSIdleCtrRun                             0x2000035c   Data           4  os_core.o(.data)
    OSStatRdy                                0x20000360   Data           1  os_core.o(.data)
    OSIntNesting                             0x20000361   Data           1  os_core.o(.data)
    OSLockNesting                            0x20000362   Data           1  os_core.o(.data)
    OSPrioCur                                0x20000363   Data           1  os_core.o(.data)
    OSPrioHighRdy                            0x20000364   Data           1  os_core.o(.data)
    OSRdyGrp                                 0x20000365   Data           1  os_core.o(.data)
    OSRdyTbl                                 0x20000366   Data           8  os_core.o(.data)
    OSRunning                                0x2000036e   Data           1  os_core.o(.data)
    OSTaskCtr                                0x2000036f   Data           1  os_core.o(.data)
    OSIdleCtr                                0x20000370   Data           4  os_core.o(.data)
    OSTCBCur                                 0x20000374   Data           4  os_core.o(.data)
    OSTCBFreeList                            0x20000378   Data           4  os_core.o(.data)
    OSTCBHighRdy                             0x2000037c   Data           4  os_core.o(.data)
    OSTCBList                                0x20000380   Data           4  os_core.o(.data)
    OSTickStepState                          0x20000384   Data           1  os_core.o(.data)
    OSMemFreeList                            0x20000388   Data           4  os_core.o(.data)
    OSQFreeList                              0x2000038c   Data           4  os_core.o(.data)
    OSTime                                   0x20000390   Data           4  os_core.o(.data)
    OSTmrFree                                0x20000394   Data           2  os_core.o(.data)
    OSTmrUsed                                0x20000396   Data           2  os_core.o(.data)
    OSTmrTime                                0x20000398   Data           4  os_core.o(.data)
    OSTmrSem                                 0x2000039c   Data           4  os_core.o(.data)
    OSTmrSemSignal                           0x200003a0   Data           4  os_core.o(.data)
    OSTmrFreeList                            0x200003a4   Data           4  os_core.o(.data)
    OSInterrputSum                           0x200003a8   Data           4  os_cpu_c.o(.data)
    LcdOffTab                                0x200003b0   Data          16  lcd.o(.bss)
    PID                                      0x200003c0   Data          28  pid.o(.bss)
    DMA_InitStructure                        0x200003dc   Data          44  dma.o(.bss)
    U1_DMA_R_BUF                             0x20000408   Data          70  dma.o(.bss)
    U1_R_BUF                                 0x2000044e   Data          70  dma.o(.bss)
    U1_DMA_T_BUF                             0x20000494   Data          70  dma.o(.bss)
    Recipe_List                              0x200004da   Data          64  dma.o(.bss)
    START_TASK_STK                           0x2000051c   Data         256  main.o(.bss)
    LED_TASK_STK                             0x2000061c   Data         256  main.o(.bss)
    QMSGSHOW_TASK_STK                        0x2000071c   Data         256  main.o(.bss)
    MAIN_TASK_STK                            0x2000081c   Data         512  main.o(.bss)
    KEY_TASK_STK                             0x20000a1c   Data         256  main.o(.bss)
    KEY_Work_TASK_STK                        0x20000b1c   Data         256  main.o(.bss)
    ADC_TASK_STK                             0x20000c1c   Data         256  main.o(.bss)
    ERR_TASK_STK                             0x20000d1c   Data         256  main.o(.bss)
    OFF_TASK_STK                             0x20000e1c   Data         256  main.o(.bss)
    LCD_TASK_STK                             0x20000f1c   Data         256  main.o(.bss)
    RUNOTHER_TASK_STK                        0x2000101c   Data         256  main.o(.bss)
    MsgGrp                                   0x2000111c   Data          24  main.o(.bss)
    OSEventTbl                               0x20001134   Data         300  os_core.o(.bss)
    OSFlagTbl                                0x20001260   Data         160  os_core.o(.bss)
    OSTaskStatStk                            0x20001300   Data         512  os_core.o(.bss)
    OSTaskIdleStk                            0x20001500   Data         512  os_core.o(.bss)
    OSTCBPrioTbl                             0x20001700   Data         256  os_core.o(.bss)
    OSTCBTbl                                 0x20001800   Data        1428  os_core.o(.bss)
    OSMemTbl                                 0x20001d94   Data          24  os_core.o(.bss)
    OSQTbl                                   0x20001dac   Data         120  os_core.o(.bss)
    OSTmrTbl                                 0x20001e24   Data         640  os_core.o(.bss)
    OSTmrTaskStk                             0x200020a4   Data         512  os_core.o(.bss)
    OSTmrWheelTbl                            0x200022a4   Data          64  os_core.o(.bss)
    __libspace_start                         0x200022e4   Data          96  libspace.o(.bss)
    __temporary_stack_top$libspace           0x20002344   Data           0  libspace.o(.bss)



==============================================================================

Memory Map of the image

  Image Entry point : 0x080000ed

  Load Region LR_IROM1 (Base: 0x08000000, Size: 0x00008c50, Max: 0x00010000, ABSOLUTE, COMPRESSED[0x00008a50])

    Execution Region ER_IROM1 (Base: 0x08000000, Size: 0x000088a0, Max: 0x00010000, ABSOLUTE)

    Base Addr    Size         Type   Attr      Idx    E Section Name        Object

    0x08000000   0x000000ec   Data   RO           19    RESET               startup_stm32f10x_md.o
    0x080000ec   0x00000008   Code   RO         4125  * !!!main             c_w.l(__main.o)
    0x080000f4   0x00000034   Code   RO         4320    !!!scatter          c_w.l(__scatter.o)
    0x08000128   0x0000005a   Code   RO         4318    !!dczerorl2         c_w.l(__dczerorl2.o)
    0x08000182   0x00000002   PAD
    0x08000184   0x0000001c   Code   RO         4322    !!handler_zi        c_w.l(__scatter_zi.o)
    0x080001a0   0x00000000   Code   RO         4118    .ARM.Collect$$_printf_percent$$00000000  c_w.l(_printf_percent.o)
    0x080001a0   0x00000006   Code   RO         4117    .ARM.Collect$$_printf_percent$$00000009  c_w.l(_printf_d.o)
    0x080001a6   0x00000004   Code   RO         4158    .ARM.Collect$$_printf_percent$$00000017  c_w.l(_printf_percent_end.o)
    0x080001aa   0x00000002   Code   RO         4192    .ARM.Collect$$libinit$$00000000  c_w.l(libinit.o)
    0x080001ac   0x00000000   Code   RO         4199    .ARM.Collect$$libinit$$00000002  c_w.l(libinit2.o)
    0x080001ac   0x00000000   Code   RO         4201    .ARM.Collect$$libinit$$00000004  c_w.l(libinit2.o)
    0x080001ac   0x00000000   Code   RO         4204    .ARM.Collect$$libinit$$0000000A  c_w.l(libinit2.o)
    0x080001ac   0x00000000   Code   RO         4206    .ARM.Collect$$libinit$$0000000C  c_w.l(libinit2.o)
    0x080001ac   0x00000000   Code   RO         4208    .ARM.Collect$$libinit$$0000000E  c_w.l(libinit2.o)
    0x080001ac   0x00000000   Code   RO         4211    .ARM.Collect$$libinit$$00000011  c_w.l(libinit2.o)
    0x080001ac   0x00000000   Code   RO         4213    .ARM.Collect$$libinit$$00000013  c_w.l(libinit2.o)
    0x080001ac   0x00000000   Code   RO         4215    .ARM.Collect$$libinit$$00000015  c_w.l(libinit2.o)
    0x080001ac   0x00000000   Code   RO         4217    .ARM.Collect$$libinit$$00000017  c_w.l(libinit2.o)
    0x080001ac   0x00000000   Code   RO         4219    .ARM.Collect$$libinit$$00000019  c_w.l(libinit2.o)
    0x080001ac   0x00000000   Code   RO         4221    .ARM.Collect$$libinit$$0000001B  c_w.l(libinit2.o)
    0x080001ac   0x00000000   Code   RO         4223    .ARM.Collect$$libinit$$0000001D  c_w.l(libinit2.o)
    0x080001ac   0x00000000   Code   RO         4225    .ARM.Collect$$libinit$$0000001F  c_w.l(libinit2.o)
    0x080001ac   0x00000000   Code   RO         4227    .ARM.Collect$$libinit$$00000021  c_w.l(libinit2.o)
    0x080001ac   0x00000000   Code   RO         4229    .ARM.Collect$$libinit$$00000023  c_w.l(libinit2.o)
    0x080001ac   0x00000000   Code   RO         4231    .ARM.Collect$$libinit$$00000025  c_w.l(libinit2.o)
    0x080001ac   0x00000000   Code   RO         4235    .ARM.Collect$$libinit$$0000002C  c_w.l(libinit2.o)
    0x080001ac   0x00000000   Code   RO         4237    .ARM.Collect$$libinit$$0000002E  c_w.l(libinit2.o)
    0x080001ac   0x00000000   Code   RO         4239    .ARM.Collect$$libinit$$00000030  c_w.l(libinit2.o)
    0x080001ac   0x00000000   Code   RO         4241    .ARM.Collect$$libinit$$00000032  c_w.l(libinit2.o)
    0x080001ac   0x00000002   Code   RO         4242    .ARM.Collect$$libinit$$00000033  c_w.l(libinit2.o)
    0x080001ae   0x00000002   Code   RO         4260    .ARM.Collect$$libshutdown$$00000000  c_w.l(libshutdown.o)
    0x080001b0   0x00000000   Code   RO         4270    .ARM.Collect$$libshutdown$$00000002  c_w.l(libshutdown2.o)
    0x080001b0   0x00000000   Code   RO         4272    .ARM.Collect$$libshutdown$$00000004  c_w.l(libshutdown2.o)
    0x080001b0   0x00000000   Code   RO         4275    .ARM.Collect$$libshutdown$$00000007  c_w.l(libshutdown2.o)
    0x080001b0   0x00000000   Code   RO         4278    .ARM.Collect$$libshutdown$$0000000A  c_w.l(libshutdown2.o)
    0x080001b0   0x00000000   Code   RO         4280    .ARM.Collect$$libshutdown$$0000000C  c_w.l(libshutdown2.o)
    0x080001b0   0x00000000   Code   RO         4283    .ARM.Collect$$libshutdown$$0000000F  c_w.l(libshutdown2.o)
    0x080001b0   0x00000002   Code   RO         4284    .ARM.Collect$$libshutdown$$00000010  c_w.l(libshutdown2.o)
    0x080001b2   0x00000000   Code   RO         4151    .ARM.Collect$$rtentry$$00000000  c_w.l(__rtentry.o)
    0x080001b2   0x00000000   Code   RO         4167    .ARM.Collect$$rtentry$$00000002  c_w.l(__rtentry2.o)
    0x080001b2   0x00000006   Code   RO         4179    .ARM.Collect$$rtentry$$00000004  c_w.l(__rtentry4.o)
    0x080001b8   0x00000000   Code   RO         4169    .ARM.Collect$$rtentry$$00000009  c_w.l(__rtentry2.o)
    0x080001b8   0x00000004   Code   RO         4170    .ARM.Collect$$rtentry$$0000000A  c_w.l(__rtentry2.o)
    0x080001bc   0x00000000   Code   RO         4172    .ARM.Collect$$rtentry$$0000000C  c_w.l(__rtentry2.o)
    0x080001bc   0x00000008   Code   RO         4173    .ARM.Collect$$rtentry$$0000000D  c_w.l(__rtentry2.o)
    0x080001c4   0x00000002   Code   RO         4196    .ARM.Collect$$rtexit$$00000000  c_w.l(rtexit.o)
    0x080001c6   0x00000000   Code   RO         4244    .ARM.Collect$$rtexit$$00000002  c_w.l(rtexit2.o)
    0x080001c6   0x00000004   Code   RO         4245    .ARM.Collect$$rtexit$$00000003  c_w.l(rtexit2.o)
    0x080001ca   0x00000006   Code   RO         4246    .ARM.Collect$$rtexit$$00000004  c_w.l(rtexit2.o)
    0x080001d0   0x00000040   Code   RO           20    .text               startup_stm32f10x_md.o
    0x08000210   0x000000b4   Code   RO         4080    .text               os_cpu_a.o
    0x080002c4   0x00000002   Code   RO         4085    .text               c_w.l(use_no_semi_2.o)
    0x080002c6   0x00000002   PAD
    0x080002c8   0x00000028   Code   RO         4089    .text               c_w.l(noretval__2sprintf.o)
    0x080002f0   0x0000004e   Code   RO         4093    .text               c_w.l(_printf_pad.o)
    0x0800033e   0x00000002   PAD
    0x08000340   0x00000078   Code   RO         4095    .text               c_w.l(_printf_dec.o)
    0x080003b8   0x00000138   Code   RO         4109    .text               c_w.l(__printf_flags_wp.o)
    0x080004f0   0x0000008a   Code   RO         4119    .text               c_w.l(rt_memcpy_v6.o)
    0x0800057a   0x0000004e   Code   RO         4121    .text               c_w.l(rt_memclr_w.o)
    0x080005c8   0x00000006   Code   RO         4123    .text               c_w.l(heapauxi.o)
    0x080005ce   0x00000002   Code   RO         4149    .text               c_w.l(use_no_semi.o)
    0x080005d0   0x000000b2   Code   RO         4152    .text               c_w.l(_printf_intcommon.o)
    0x08000682   0x00000002   PAD
    0x08000684   0x00000030   Code   RO         4154    .text               c_w.l(_printf_char_common.o)
    0x080006b4   0x0000000a   Code   RO         4156    .text               c_w.l(_sputc.o)
    0x080006be   0x00000064   Code   RO         4159    .text               c_w.l(rt_memcpy_w.o)
    0x08000722   0x0000004a   Code   RO         4183    .text               c_w.l(sys_stackheap_outer.o)
    0x0800076c   0x00000012   Code   RO         4185    .text               c_w.l(exit.o)
    0x0800077e   0x00000002   PAD
    0x08000780   0x00000008   Code   RO         4193    .text               c_w.l(libspace.o)
    0x08000788   0x00000016   Code   RO         1226    i.ADC_Cmd           stm32f10x_adc.o
    0x0800079e   0x00000002   PAD
    0x080007a0   0x0000005c   Code   RO         1228    i.ADC_DeInit        stm32f10x_adc.o
    0x080007fc   0x00000014   Code   RO         1234    i.ADC_GetCalibrationStatus  stm32f10x_adc.o
    0x08000810   0x00000008   Code   RO         1235    i.ADC_GetConversionValue  stm32f10x_adc.o
    0x08000818   0x00000012   Code   RO         1237    i.ADC_GetFlagStatus  stm32f10x_adc.o
    0x0800082a   0x00000014   Code   RO         1240    i.ADC_GetResetCalibrationStatus  stm32f10x_adc.o
    0x0800083e   0x00000002   PAD
    0x08000840   0x00000050   Code   RO         1244    i.ADC_Init          stm32f10x_adc.o
    0x08000890   0x000000b8   Code   RO         1248    i.ADC_RegularChannelConfig  stm32f10x_adc.o
    0x08000948   0x0000000a   Code   RO         1249    i.ADC_ResetCalibration  stm32f10x_adc.o
    0x08000952   0x00000016   Code   RO         1251    i.ADC_SoftwareStartConvCmd  stm32f10x_adc.o
    0x08000968   0x0000000a   Code   RO         1253    i.ADC_StartCalibration  stm32f10x_adc.o
    0x08000972   0x00000002   PAD
    0x08000974   0x000000a4   Code   RO           24    i.Adc_Init          adc.o
    0x08000a18   0x000000b0   Code   RO          111    i.BEEP_Init         beep.o
    0x08000ac8   0x00000008   Code   RO          671    i.BSP_Key_Actual_Short_Long  key_actual.o
    0x08000ad0   0x00000008   Code   RO          720    i.BSP_Key_Down_Short_Long  key_down.o
    0x08000ad8   0x00000008   Code   RO          313    i.BSP_Key_FC_Short_Long  key_fc.o
    0x08000ae0   0x00000008   Code   RO          141    i.BSP_Key_Onoff_Short_Long  key_onoff.o
    0x08000ae8   0x00000008   Code   RO          264    i.BSP_Key_Prime_Single_Continuous  key_prime.o
    0x08000af0   0x00000008   Code   RO          769    i.BSP_Key_Set_Short_Long  key_set.o
    0x08000af8   0x00000008   Code   RO          916    i.BSP_Key_Up_Short_Long  key_up.o
    0x08000b00   0x00000004   Code   RO         3114    i.BusFault_Handler  stm32f10x_it.o
    0x08000b04   0x00000038   Code   RO          249    i.Control_Init      control.o
    0x08000b3c   0x00000020   Code   RO          990    i.DMA1_Channel4_IRQHandler  dma.o
    0x08000b5c   0x0000001c   Code   RO         2748    i.DMA_ClearFlag     stm32f10x_dma.o
    0x08000b78   0x00000018   Code   RO         2750    i.DMA_Cmd           stm32f10x_dma.o
    0x08000b90   0x0000014c   Code   RO         2751    i.DMA_DeInit        stm32f10x_dma.o
    0x08000cdc   0x00000008   Code   RO         2752    i.DMA_GetCurrDataCounter  stm32f10x_dma.o
    0x08000ce4   0x0000002c   Code   RO         2753    i.DMA_GetFlagStatus  stm32f10x_dma.o
    0x08000d10   0x00000012   Code   RO         2755    i.DMA_ITConfig      stm32f10x_dma.o
    0x08000d22   0x0000003c   Code   RO         2756    i.DMA_Init          stm32f10x_dma.o
    0x08000d5e   0x00000004   Code   RO         2757    i.DMA_SetCurrDataCounter  stm32f10x_dma.o
    0x08000d62   0x00000002   Code   RO         3115    i.DebugMon_Handler  stm32f10x_it.o
    0x08000d64   0x00000060   Code   RO         2987    i.EXTI1_IRQHandler  main.o
    0x08000dc4   0x0000000c   Code   RO         2821    i.EXTI_ClearITPendingBit  stm32f10x_exti.o
    0x08000dd0   0x00000028   Code   RO         2825    i.EXTI_GetITStatus  stm32f10x_exti.o
    0x08000df8   0x00000094   Code   RO         2826    i.EXTI_Init         stm32f10x_exti.o
    0x08000e8c   0x0000004c   Code   RO         1164    i.EXTI_Key_Config   bsp_exti.o
    0x08000ed8   0x00000040   Code   RO         1565    i.GPIO_EXTILineConfig  stm32f10x_gpio.o
    0x08000f18   0x00000116   Code   RO         1568    i.GPIO_Init         stm32f10x_gpio.o
    0x0800102e   0x00000002   PAD
    0x08001030   0x00000090   Code   RO         1570    i.GPIO_PinRemapConfig  stm32f10x_gpio.o
    0x080010c0   0x00000012   Code   RO         1572    i.GPIO_ReadInputDataBit  stm32f10x_gpio.o
    0x080010d2   0x00000004   Code   RO         1575    i.GPIO_ResetBits    stm32f10x_gpio.o
    0x080010d6   0x00000004   Code   RO         1576    i.GPIO_SetBits      stm32f10x_gpio.o
    0x080010da   0x00000002   PAD
    0x080010dc   0x00000034   Code   RO           25    i.Get_Adc           adc.o
    0x08001110   0x0000002e   Code   RO           26    i.Get_Adc_Average   adc.o
    0x0800113e   0x00000068   Code   RO           27    i.Get_Mot_hot_fan_Average  adc.o
    0x080011a6   0x00000004   Code   RO         3116    i.HardFault_Handler  stm32f10x_it.o
    0x080011aa   0x0000003e   Code   RO          362    i.Ht1621WrAllData   lcd.o
    0x080011e8   0x0000001e   Code   RO          363    i.Ht1621WrCmd       lcd.o
    0x08001206   0x0000002a   Code   RO          365    i.Ht1621WrOneData   lcd.o
    0x08001230   0x0000003e   Code   RO          366    i.Ht1621Wr_Data     lcd.o
    0x0800126e   0x00000002   PAD
    0x08001270   0x0000000c   Code   RO          367    i.Ht1621_CS_0       lcd.o
    0x0800127c   0x0000000c   Code   RO          368    i.Ht1621_CS_1       lcd.o
    0x08001288   0x0000000c   Code   RO          369    i.Ht1621_DO_0       lcd.o
    0x08001294   0x0000000c   Code   RO          370    i.Ht1621_DO_1       lcd.o
    0x080012a0   0x000000b0   Code   RO          371    i.Ht1621_Init       lcd.o
    0x08001350   0x0000000c   Code   RO          372    i.Ht1621_WR_0       lcd.o
    0x0800135c   0x0000000c   Code   RO          373    i.Ht1621_WR_1       lcd.o
    0x08001368   0x000005d0   Code   RO         2988    i.KEY_Work_task     main.o
    0x08001938   0x00000074   Code   RO          142    i.KeyScan           key_onoff.o
    0x080019ac   0x00000074   Code   RO          265    i.KeyScan           key_prime.o
    0x08001a20   0x00000074   Code   RO          314    i.KeyScan           key_fc.o
    0x08001a94   0x00000070   Code   RO          672    i.KeyScan           key_actual.o
    0x08001b04   0x00000070   Code   RO          721    i.KeyScan           key_down.o
    0x08001b74   0x00000070   Code   RO          770    i.KeyScan           key_set.o
    0x08001be4   0x00000074   Code   RO          917    i.KeyScan           key_up.o
    0x08001c58   0x00000060   Code   RO          374    i.LCD_Action_sensor_Status_display  lcd.o
    0x08001cb8   0x0000001c   Code   RO          375    i.LCD_All_Off       lcd.o
    0x08001cd4   0x0000001c   Code   RO          377    i.LCD_All_Use       lcd.o
    0x08001cf0   0x000000c0   Code   RO          380    i.LCD_Dis_APP_RTD_Override  lcd.o
    0x08001db0   0x00000028   Code   RO          382    i.LCD_Dis_App       lcd.o
    0x08001dd8   0x0000001c   Code   RO          384    i.LCD_Dis_Er1       lcd.o
    0x08001df4   0x0000001c   Code   RO          385    i.LCD_Dis_Er2       lcd.o
    0x08001e10   0x00000028   Code   RO          386    i.LCD_Dis_Er3       lcd.o
    0x08001e38   0x0000001c   Code   RO          387    i.LCD_Dis_ErH       lcd.o
    0x08001e54   0x0000003c   Code   RO          390    i.LCD_Dis_Set       lcd.o
    0x08001e90   0x00000260   Code   RO          392    i.LCD_In_Temp       lcd.o
    0x080020f0   0x00000028   Code   RO          393    i.LCD_In_Temp_Undis  lcd.o
    0x08002118   0x00000020   Code   RO          395    i.LCD_On_NoPC_Init_Dis  lcd.o
    0x08002138   0x0000011c   Code   RO          397    i.LCD_Probe1_Temp   lcd.o
    0x08002254   0x0000011c   Code   RO          398    i.LCD_Probe2_Temp   lcd.o
    0x08002370   0x000000d4   Code   RO          399    i.LCD_ProbePC_Set_Temp  lcd.o
    0x08002444   0x00000104   Code   RO          400    i.LCD_ProbePC_Temp  lcd.o
    0x08002548   0x0000001c   Code   RO          401    i.LCD_Probe_Set_Temp_Undis  lcd.o
    0x08002564   0x0000003c   Code   RO          406    i.LCD_UnDis_Set     lcd.o
    0x080025a0   0x00000034   Code   RO          408    i.LCD_Wifi_Dis      lcd.o
    0x080025d4   0x00000028   Code   RO          409    i.LCD_Wifi_Undis    lcd.o
    0x080025fc   0x00000050   Code   RO          190    i.LED_Init          led.o
    0x0800264c   0x00000004   Code   RO         3117    i.MemManage_Handler  stm32f10x_it.o
    0x08002650   0x00000002   Code   RO         3118    i.NMI_Handler       stm32f10x_it.o
    0x08002652   0x00000026   Code   RO         1165    i.NVIC_Configuration  bsp_exti.o
    0x08002678   0x0000000c   Code   RO         2934    i.NVIC_Configuration  sys.o
    0x08002684   0x00000070   Code   RO         1184    i.NVIC_Init         misc.o
    0x080026f4   0x00000014   Code   RO         1185    i.NVIC_PriorityGroupConfig  misc.o
    0x08002708   0x00000064   Code   RO         3411    i.OSFlagCreate      os_flag.o
    0x0800276c   0x00000254   Code   RO         3415    i.OSFlagPend        os_flag.o
    0x080029c0   0x00000138   Code   RO         3417    i.OSFlagPost        os_flag.o
    0x08002af8   0x00000034   Code   RO         3229    i.OSInit            os_core.o
    0x08002b2c   0x0000000c   Code   RO         3989    i.OSInitHookBegin   os_cpu_c.o
    0x08002b38   0x00000002   Code   RO         3990    i.OSInitHookEnd     os_cpu_c.o
    0x08002b3a   0x00000002   PAD
    0x08002b3c   0x00000024   Code   RO         3230    i.OSIntEnter        os_core.o
    0x08002b60   0x00000090   Code   RO         3231    i.OSIntExit         os_core.o
    0x08002bf0   0x0000004c   Code   RO         3493    i.OSMboxCreate      os_mbox.o
    0x08002c3c   0x00000104   Code   RO         3495    i.OSMboxPend        os_mbox.o
    0x08002d40   0x00000050   Code   RO         3497    i.OSMboxPost        os_mbox.o
    0x08002d90   0x00000098   Code   RO         3642    i.OSQCreate         os_q.o
    0x08002e28   0x00000072   Code   RO         3647    i.OSQPost           os_q.o
    0x08002e9a   0x00000002   PAD
    0x08002e9c   0x00000040   Code   RO         3232    i.OSSchedLock       os_core.o
    0x08002edc   0x00000060   Code   RO         3233    i.OSSchedUnlock     os_core.o
    0x08002f3c   0x0000004c   Code   RO         3714    i.OSSemCreate       os_sem.o
    0x08002f88   0x000000ec   Code   RO         3716    i.OSSemPend         os_sem.o
    0x08003074   0x00000058   Code   RO         3718    i.OSSemPost         os_sem.o
    0x080030cc   0x00000048   Code   RO         3234    i.OSStart           os_core.o
    0x08003114   0x0000004c   Code   RO         3235    i.OSStatInit        os_core.o
    0x08003160   0x00000002   Code   RO         3991    i.OSTCBInitHook     os_cpu_c.o
    0x08003162   0x00000002   PAD
    0x08003164   0x000000a0   Code   RO         3768    i.OSTaskCreate      os_task.o
    0x08003204   0x000000b8   Code   RO         3769    i.OSTaskCreateExt   os_task.o
    0x080032bc   0x00000002   Code   RO         3992    i.OSTaskCreateHook  os_cpu_c.o
    0x080032be   0x00000002   Code   RO         3994    i.OSTaskIdleHook    os_cpu_c.o
    0x080032c0   0x00000070   Code   RO         3773    i.OSTaskNameSet     os_task.o
    0x08003330   0x00000002   Code   RO         3996    i.OSTaskStatHook    os_cpu_c.o
    0x08003332   0x00000002   PAD
    0x08003334   0x0000008c   Code   RO         3778    i.OSTaskStkChk      os_task.o
    0x080033c0   0x0000009a   Code   RO         3997    i.OSTaskStkInit     os_cpu_c.o
    0x0800345a   0x00000002   PAD
    0x0800345c   0x000000a8   Code   RO         3779    i.OSTaskSuspend     os_task.o
    0x08003504   0x00000002   Code   RO         3998    i.OSTaskSwHook      os_cpu_c.o
    0x08003506   0x00000002   PAD
    0x08003508   0x00000078   Code   RO         3863    i.OSTimeDly         os_time.o
    0x08003580   0x000000ec   Code   RO         3236    i.OSTimeTick        os_core.o
    0x0800366c   0x00000024   Code   RO         3999    i.OSTimeTickHook    os_cpu_c.o
    0x08003690   0x00000064   Code   RO         3899    i.OSTmrCreate       os_tmr.o
    0x080036f4   0x00000014   Code   RO         3903    i.OSTmrSignal       os_tmr.o
    0x08003708   0x00000084   Code   RO         3904    i.OSTmrStart        os_tmr.o
    0x0800378c   0x000000b8   Code   RO         3906    i.OSTmrStop         os_tmr.o
    0x08003844   0x00000040   Code   RO         3907    i.OSTmr_Alloc       os_tmr.o
    0x08003884   0x000000b8   Code   RO         3909    i.OSTmr_Init        os_tmr.o
    0x0800393c   0x00000050   Code   RO         3910    i.OSTmr_InitTask    os_tmr.o
    0x0800398c   0x0000006c   Code   RO         3911    i.OSTmr_Link        os_tmr.o
    0x080039f8   0x00000080   Code   RO         3912    i.OSTmr_Task        os_tmr.o
    0x08003a78   0x00000044   Code   RO         3913    i.OSTmr_Unlink      os_tmr.o
    0x08003abc   0x00000084   Code   RO         3239    i.OS_EventTaskRdy   os_core.o
    0x08003b40   0x0000002a   Code   RO         3240    i.OS_EventTaskRemove  os_core.o
    0x08003b6a   0x00000002   PAD
    0x08003b6c   0x0000007c   Code   RO         3241    i.OS_EventTaskWait  os_core.o
    0x08003be8   0x0000001c   Code   RO         3242    i.OS_EventWaitListInit  os_core.o
    0x08003c04   0x000000a4   Code   RO         3419    i.OS_FlagBlock      os_flag.o
    0x08003ca8   0x00000058   Code   RO         3420    i.OS_FlagInit       os_flag.o
    0x08003d00   0x0000005c   Code   RO         3421    i.OS_FlagTaskRdy    os_flag.o
    0x08003d5c   0x00000024   Code   RO         3422    i.OS_FlagUnlink     os_flag.o
    0x08003d80   0x00000054   Code   RO         3243    i.OS_InitEventList  os_core.o
    0x08003dd4   0x00000054   Code   RO         3244    i.OS_InitMisc       os_core.o
    0x08003e28   0x00000044   Code   RO         3245    i.OS_InitRdyList    os_core.o
    0x08003e6c   0x00000080   Code   RO         3246    i.OS_InitTCBList    os_core.o
    0x08003eec   0x00000050   Code   RO         3247    i.OS_InitTaskIdle   os_core.o
    0x08003f3c   0x00000050   Code   RO         3248    i.OS_InitTaskStat   os_core.o
    0x08003f8c   0x00000012   Code   RO         3249    i.OS_MemClr         os_core.o
    0x08003f9e   0x00000002   PAD
    0x08003fa0   0x00000024   Code   RO         3552    i.OS_MemInit        os_mem.o
    0x08003fc4   0x00000050   Code   RO         3651    i.OS_QInit          os_q.o
    0x08004014   0x00000074   Code   RO         3251    i.OS_Sched          os_core.o
    0x08004088   0x0000002c   Code   RO         3252    i.OS_SchedNew       os_core.o
    0x080040b4   0x00000134   Code   RO         3254    i.OS_TCBInit        os_core.o
    0x080041e8   0x00000028   Code   RO         3255    i.OS_TaskIdle       os_core.o
    0x08004210   0x00000088   Code   RO         3256    i.OS_TaskStat       os_core.o
    0x08004298   0x0000003c   Code   RO         3257    i.OS_TaskStatStkChk  os_core.o
    0x080042d4   0x0000001a   Code   RO         3781    i.OS_TaskStkClr     os_task.o
    0x080042ee   0x00000002   PAD
    0x080042f0   0x00000184   Code   RO          966    i.PID_Operation     pid.o
    0x08004474   0x000000dc   Code   RO         2989    i.PT1000_CalculateTemperature  main.o
    0x08004550   0x00000018   Code   RO         1676    i.RCC_ADCCLKConfig  stm32f10x_rcc.o
    0x08004568   0x00000020   Code   RO         1677    i.RCC_AHBPeriphClockCmd  stm32f10x_rcc.o
    0x08004588   0x00000020   Code   RO         1678    i.RCC_APB1PeriphClockCmd  stm32f10x_rcc.o
    0x080045a8   0x00000020   Code   RO         1680    i.RCC_APB2PeriphClockCmd  stm32f10x_rcc.o
    0x080045c8   0x00000020   Code   RO         1681    i.RCC_APB2PeriphResetCmd  stm32f10x_rcc.o
    0x080045e8   0x000000d4   Code   RO         1688    i.RCC_GetClocksFreq  stm32f10x_rcc.o
    0x080046bc   0x00000490   Code   RO          993    i.Recv_Data_Handle  dma.o
    0x08004b4c   0x00000002   Code   RO         3119    i.SVC_Handler       stm32f10x_it.o
    0x08004b4e   0x00000002   PAD
    0x08004b50   0x00000108   Code   RO          994    i.Send_Act_Temp_Message  dma.o
    0x08004c58   0x00000660   Code   RO          996    i.Send_Display_Data_Message  dma.o
    0x080052b8   0x00000020   Code   RO          997    i.Send_FWREV_On_Message  dma.o
    0x080052d8   0x00000018   Code   RO         1000    i.Send_Goto_WiFi_Password_Mode  dma.o
    0x080052f0   0x000000ec   Code   RO         1003    i.Send_Probe_Temp_Message  dma.o
    0x080053dc   0x00000108   Code   RO         1004    i.Send_Set_Temp_Message  dma.o
    0x080054e4   0x000000dc   Code   RO         1005    i.Send_Temp_in_uncompensated_On_Message  dma.o
    0x080055c0   0x00000008   Code   RO         3191    i.SetSysClock       system_stm32f10x.o
    0x080055c8   0x000000e0   Code   RO         3192    i.SetSysClockTo72   system_stm32f10x.o
    0x080056a8   0x00000014   Code   RO         1006    i.Set_Buf_Free      dma.o
    0x080056bc   0x00000030   Code   RO          143    i.Step_KeyReleasing  key_onoff.o
    0x080056ec   0x00000038   Code   RO          266    i.Step_KeyReleasing  key_prime.o
    0x08005724   0x00000028   Code   RO          315    i.Step_KeyReleasing  key_fc.o
    0x0800574c   0x00000028   Code   RO          673    i.Step_KeyReleasing  key_actual.o
    0x08005774   0x00000030   Code   RO          722    i.Step_KeyReleasing  key_down.o
    0x080057a4   0x00000030   Code   RO          771    i.Step_KeyReleasing  key_set.o
    0x080057d4   0x00000028   Code   RO          820    i.Step_KeyReleasing  key_temp.o
    0x080057fc   0x00000030   Code   RO          918    i.Step_KeyReleasing  key_up.o
    0x0800582c   0x00000014   Code   RO          144    i.Step_KeyVerifyOne  key_onoff.o
    0x08005840   0x00000014   Code   RO          267    i.Step_KeyVerifyOne  key_prime.o
    0x08005854   0x00000014   Code   RO          316    i.Step_KeyVerifyOne  key_fc.o
    0x08005868   0x00000014   Code   RO          674    i.Step_KeyVerifyOne  key_actual.o
    0x0800587c   0x00000014   Code   RO          723    i.Step_KeyVerifyOne  key_down.o
    0x08005890   0x00000014   Code   RO          772    i.Step_KeyVerifyOne  key_set.o
    0x080058a4   0x00000014   Code   RO          821    i.Step_KeyVerifyOne  key_temp.o
    0x080058b8   0x00000014   Code   RO          919    i.Step_KeyVerifyOne  key_up.o
    0x080058cc   0x00000014   Code   RO          145    i.Step_KeyVerifyTwo  key_onoff.o
    0x080058e0   0x00000064   Code   RO          268    i.Step_KeyVerifyTwo  key_prime.o
    0x08005944   0x00000014   Code   RO          317    i.Step_KeyVerifyTwo  key_fc.o
    0x08005958   0x00000014   Code   RO          675    i.Step_KeyVerifyTwo  key_actual.o
    0x0800596c   0x00000014   Code   RO          724    i.Step_KeyVerifyTwo  key_down.o
    0x08005980   0x00000014   Code   RO          773    i.Step_KeyVerifyTwo  key_set.o
    0x08005994   0x00000014   Code   RO          822    i.Step_KeyVerifyTwo  key_temp.o
    0x080059a8   0x00000014   Code   RO          920    i.Step_KeyVerifyTwo  key_up.o
    0x080059bc   0x00000014   Code   RO          146    i.Step_WaitForPress  key_onoff.o
    0x080059d0   0x00000014   Code   RO          269    i.Step_WaitForPress  key_prime.o
    0x080059e4   0x00000014   Code   RO          318    i.Step_WaitForPress  key_fc.o
    0x080059f8   0x00000014   Code   RO          676    i.Step_WaitForPress  key_actual.o
    0x08005a0c   0x00000014   Code   RO          725    i.Step_WaitForPress  key_down.o
    0x08005a20   0x00000014   Code   RO          774    i.Step_WaitForPress  key_set.o
    0x08005a34   0x00000014   Code   RO          823    i.Step_WaitForPress  key_temp.o
    0x08005a48   0x00000014   Code   RO          921    i.Step_WaitForPress  key_up.o
    0x08005a5c   0x00000094   Code   RO          147    i.Step_WaitForRelease  key_onoff.o
    0x08005af0   0x00000058   Code   RO          270    i.Step_WaitForRelease  key_prime.o
    0x08005b48   0x00000094   Code   RO          319    i.Step_WaitForRelease  key_fc.o
    0x08005bdc   0x00000094   Code   RO          677    i.Step_WaitForRelease  key_actual.o
    0x08005c70   0x00000094   Code   RO          726    i.Step_WaitForRelease  key_down.o
    0x08005d04   0x00000094   Code   RO          775    i.Step_WaitForRelease  key_set.o
    0x08005d98   0x00000094   Code   RO          824    i.Step_WaitForRelease  key_temp.o
    0x08005e2c   0x00000094   Code   RO          922    i.Step_WaitForRelease  key_up.o
    0x08005ec0   0x00000028   Code   RO         1188    i.SysTick_CLKSourceConfig  misc.o
    0x08005ee8   0x00000010   Code   RO         2874    i.SysTick_Handler   delay.o
    0x08005ef8   0x00000060   Code   RO         3194    i.SystemInit        system_stm32f10x.o
    0x08005f58   0x0000001c   Code   RO          205    i.TIM3_IRQHandler   timer.o
    0x08005f74   0x00000006   Code   RO         2031    i.TIM_ClearITPendingBit  stm32f10x_tim.o
    0x08005f7a   0x00000018   Code   RO         2036    i.TIM_Cmd           stm32f10x_tim.o
    0x08005f92   0x00000022   Code   RO         2057    i.TIM_GetITStatus   stm32f10x_tim.o
    0x08005fb4   0x00000098   Code   RO         2065    i.TIM_OC1Init       stm32f10x_tim.o
    0x0800604c   0x00000012   Code   RO         2068    i.TIM_OC1PreloadConfig  stm32f10x_tim.o
    0x0800605e   0x00000002   PAD
    0x08006060   0x000000a4   Code   RO         2107    i.TIM_TimeBaseInit  stm32f10x_tim.o
    0x08006104   0x00000084   Code   RO         2946    i.USART1_IRQHandler  usart.o
    0x08006188   0x0000001e   Code   RO         2569    i.USART_ClearITPendingBit  stm32f10x_usart.o
    0x080061a6   0x00000018   Code   RO         2572    i.USART_Cmd         stm32f10x_usart.o
    0x080061be   0x00000012   Code   RO         2573    i.USART_DMACmd      stm32f10x_usart.o
    0x080061d0   0x00000054   Code   RO         2576    i.USART_GetITStatus  stm32f10x_usart.o
    0x08006224   0x0000004a   Code   RO         2578    i.USART_ITConfig    stm32f10x_usart.o
    0x0800626e   0x00000002   PAD
    0x08006270   0x000000d8   Code   RO         2579    i.USART_Init        stm32f10x_usart.o
    0x08006348   0x0000000a   Code   RO         2586    i.USART_ReceiveData  stm32f10x_usart.o
    0x08006352   0x00000002   PAD
    0x08006354   0x00000048   Code   RO         1007    i.Uart1_DMA_Send_Array  dma.o
    0x0800639c   0x00000004   Code   RO         3120    i.UsageFault_Handler  stm32f10x_it.o
    0x080063a0   0x000000dc   Code   RO         1008    i.Usart_DMA_Init    dma.o
    0x0800647c   0x0000000e   Code   RO         4107    i._is_digit         c_w.l(__printf_wp.o)
    0x0800648a   0x00000006   Code   RO         2947    i._sys_exit         usart.o
    0x08006490   0x0000051c   Code   RO         2990    i.adc_task          main.o
    0x080069ac   0x0000005c   Code   RO         2875    i.delay_init        delay.o
    0x08006a08   0x00000048   Code   RO         2876    i.delay_ms          delay.o
    0x08006a50   0x0000004c   Code   RO         2877    i.delay_us          delay.o
    0x08006a9c   0x000001bc   Code   RO         2991    i.err_task          main.o
    0x08006c58   0x00000354   Code   RO         2992    i.key_task          main.o
    0x08006fac   0x0000036c   Code   RO         2993    i.lcd_task          main.o
    0x08007318   0x00000040   Code   RO         2994    i.led_task          main.o
    0x08007358   0x0000008c   Code   RO         2995    i.main              main.o
    0x080073e4   0x000006b0   Code   RO         2996    i.main_task         main.o
    0x08007a94   0x000001b4   Code   RO         2997    i.off_task          main.o
    0x08007c48   0x0000000c   Code   RO         2998    i.qmsgshow_task     main.o
    0x08007c54   0x0000015c   Code   RO         2999    i.runother_task     main.o
    0x08007db0   0x0000011c   Code   RO         3000    i.start_task        main.o
    0x08007ecc   0x000001f4   Code   RO         3001    i.tmr1_callback     main.o
    0x080080c0   0x00000040   Code   RO         3002    i.tmr2_callback     main.o
    0x08008100   0x0000005c   Code   RO         3003    i.tmr3_callback     main.o
    0x0800815c   0x000000a0   Code   RO         2949    i.uart_init         usart.o
    0x080081fc   0x000000c4   Code   RO         4127    x$fpl$fadd          fz_ws.l(faddsub_clz.o)
    0x080082c0   0x00000184   Code   RO         4134    x$fpl$fdiv          fz_ws.l(fdiv.o)
    0x08008444   0x0000003e   Code   RO         4137    x$fpl$ffixu         fz_ws.l(ffixu.o)
    0x08008482   0x00000002   PAD
    0x08008484   0x00000030   Code   RO         4142    x$fpl$fflt          fz_ws.l(fflt_clz.o)
    0x080084b4   0x00000026   Code   RO         4141    x$fpl$ffltu         fz_ws.l(fflt_clz.o)
    0x080084da   0x00000002   PAD
    0x080084dc   0x00000102   Code   RO         4147    x$fpl$fmul          fz_ws.l(fmul.o)
    0x080085de   0x0000008c   Code   RO         4161    x$fpl$fnaninf       fz_ws.l(fnaninf.o)
    0x0800866a   0x0000000a   Code   RO         4163    x$fpl$fretinf       fz_ws.l(fretinf.o)
    0x08008674   0x000000ea   Code   RO         4129    x$fpl$fsub          fz_ws.l(faddsub_clz.o)
    0x0800875e   0x00000000   Code   RO         4165    x$fpl$usenofp       fz_ws.l(usenofp.o)
    0x0800875e   0x00000002   PAD
    0x08008760   0x0000000c   Data   RO         1011    .constdata          dma.o
    0x0800876c   0x00000100   Data   RO         3259    .constdata          os_core.o
    0x0800886c   0x00000011   Data   RO         4110    .constdata          c_w.l(__printf_flags_wp.o)
    0x0800887d   0x00000003   PAD
    0x08008880   0x00000020   Data   RO         4316    Region$$Table       anon$$obj.o


    Execution Region RW_IRAM1 (Base: 0x20000000, Size: 0x00002948, Max: 0x00005000, ABSOLUTE, COMPRESSED[0x000001b0])

    Base Addr    Size         Type   Attr      Idx    E Section Name        Object

    0x20000000   0x0000001d   Data   RW          148    .data               key_onoff.o
    0x2000001d   0x00000003   PAD
    0x20000020   0x00000021   Data   RW          271    .data               key_prime.o
    0x20000041   0x00000003   PAD
    0x20000044   0x0000001d   Data   RW          320    .data               key_fc.o
    0x20000061   0x000000ce   Data   RW          411    .data               lcd.o
    0x2000012f   0x00000001   PAD
    0x20000130   0x0000001d   Data   RW          678    .data               key_actual.o
    0x2000014d   0x00000003   PAD
    0x20000150   0x0000001d   Data   RW          727    .data               key_down.o
    0x2000016d   0x00000003   PAD
    0x20000170   0x0000001d   Data   RW          776    .data               key_set.o
    0x2000018d   0x00000003   PAD
    0x20000190   0x0000001d   Data   RW          825    .data               key_temp.o
    0x200001ad   0x00000003   PAD
    0x200001b0   0x0000001d   Data   RW          923    .data               key_up.o
    0x200001cd   0x00000001   PAD
    0x200001ce   0x0000000c   Data   RW          968    .data               pid.o
    0x200001da   0x00000022   Data   RW         1012    .data               dma.o
    0x200001fc   0x00000014   Data   RW         1708    .data               stm32f10x_rcc.o
    0x20000210   0x00000004   Data   RW         2878    .data               delay.o
    0x20000214   0x00000006   Data   RW         2951    .data               usart.o
    0x2000021a   0x00000002   PAD
    0x2000021c   0x00000116   Data   RW         3005    .data               main.o
    0x20000332   0x00000002   Data   RW         3121    .data               stm32f10x_it.o
    0x20000334   0x00000014   Data   RW         3195    .data               system_stm32f10x.o
    0x20000348   0x00000060   Data   RW         3260    .data               os_core.o
    0x200003a8   0x00000006   Data   RW         4000    .data               os_cpu_c.o
    0x200003ae   0x00000002   PAD
    0x200003b0   0x00000010   Zero   RW          410    .bss                lcd.o
    0x200003c0   0x0000001c   Zero   RW          967    .bss                pid.o
    0x200003dc   0x0000013e   Zero   RW         1010    .bss                dma.o
    0x2000051a   0x00000002   PAD
    0x2000051c   0x00000c18   Zero   RW         3004    .bss                main.o
    0x20001134   0x000011b0   Zero   RW         3258    .bss                os_core.o
    0x200022e4   0x00000060   Zero   RW         4194    .bss                c_w.l(libspace.o)
    0x20002344   0x00000004   PAD
    0x20002348   0x00000200   Zero   RW           18    HEAP                startup_stm32f10x_md.o
    0x20002548   0x00000400   Zero   RW           17    STACK               startup_stm32f10x_md.o


==============================================================================

Image component sizes


      Code (inc. data)   RO Data    RW Data    ZI Data      Debug   Object Name

       366         18          0          0          0     271113   adc.o
       176         10          0          0          0        708   beep.o
       114          4          0          0          0       1118   bsp_exti.o
        56          6          0          0          0        547   control.o
         0          0          0          0          0       4540   core_cm3.o
       256         32          0          4          0      12453   delay.o
      4184        274         12         34        318      11827   dma.o
       368         92          0         29          0       4898   key_actual.o
       376         96          0         29          0       4838   key_down.o
       372         94          0         29          0       4790   key_fc.o
       380         98          0         29          0       4870   key_onoff.o
       408        104          0         33          0       4952   key_prime.o
       376         96          0         29          0       4818   key_set.o
       248         60          0         29          0       4240   key_temp.o
       380         98          0         29          0       4794   key_up.o
      2912        310          0        206         16      20206   lcd.o
        80          8          0          0          0        539   led.o
      8936       1246          0        278       3096      21742   main.o
       172         22          0          0          0       2209   misc.o
      2348        424        256         96       4528      24344   os_core.o
       180         36          0          0          0        376   os_cpu_a.o
       214         10          0          6          0      14647   os_cpu_c.o
      1388         62          0          0          0       6535   os_flag.o
       416         22          0          0          0       2773   os_mbox.o
        36         12          0          0          0        497   os_mem.o
       346         20          0          0          0       2237   os_q.o
       400         22          0          0          0       2582   os_sem.o
       790         64          0          0          0       5676   os_task.o
       120         20          0          0          0        664   os_time.o
      1068        124          0          0          0       7286   os_tmr.o
       388         26          0         12         28       1810   pid.o
        64         26        236          0       1536        844   startup_stm32f10x_md.o
       486         24          0          0          0       9062   stm32f10x_adc.o
       518         26          0          0          0       6603   stm32f10x_dma.o
       200         18          0          0          0       2264   stm32f10x_exti.o
       512         10          0          0          0       5376   stm32f10x_gpio.o
        22          0          0          2          0     205193   stm32f10x_it.o
       364         50          0         20          0       6426   stm32f10x_rcc.o
       398         62          0          0          0       4564   stm32f10x_tim.o
       456          6          0          0          0       6531   stm32f10x_usart.o
        12          0          0          0          0        493   sys.o
       328         28          0         20          0       2277   system_stm32f10x.o
        28          6          0          0          0        506   timer.o
       298         30          0          6          0       3908   usart.o

    ----------------------------------------------------------------------
     31578       3796        536        944       9524     708676   Object Totals
         0          0         32          0          0          0   (incl. Generated)
        38          0          0         24          2          0   (incl. Padding)

    ----------------------------------------------------------------------

      Code (inc. data)   RO Data    RW Data    ZI Data      Debug   Library Member Name

        90          0          0          0          0          0   __dczerorl2.o
         8          0          0          0          0         68   __main.o
       312          4         17          0          0         92   __printf_flags_wp.o
        14          0          0          0          0         68   __printf_wp.o
         0          0          0          0          0          0   __rtentry.o
        12          0          0          0          0          0   __rtentry2.o
         6          0          0          0          0          0   __rtentry4.o
        52          8          0          0          0          0   __scatter.o
        28          0          0          0          0          0   __scatter_zi.o
        48          6          0          0          0         96   _printf_char_common.o
         6          0          0          0          0          0   _printf_d.o
       120         16          0          0          0         92   _printf_dec.o
       178          0          0          0          0         88   _printf_intcommon.o
        78          0          0          0          0        108   _printf_pad.o
         0          0          0          0          0          0   _printf_percent.o
         4          0          0          0          0          0   _printf_percent_end.o
        10          0          0          0          0         68   _sputc.o
        18          0          0          0          0         80   exit.o
         6          0          0          0          0        152   heapauxi.o
         2          0          0          0          0          0   libinit.o
         2          0          0          0          0          0   libinit2.o
         2          0          0          0          0          0   libshutdown.o
         2          0          0          0          0          0   libshutdown2.o
         8          4          0          0         96         68   libspace.o
        40          6          0          0          0         84   noretval__2sprintf.o
        78          0          0          0          0         80   rt_memclr_w.o
       138          0          0          0          0         68   rt_memcpy_v6.o
       100          0          0          0          0         80   rt_memcpy_w.o
         2          0          0          0          0          0   rtexit.o
        10          0          0          0          0          0   rtexit2.o
        74          0          0          0          0         80   sys_stackheap_outer.o
         2          0          0          0          0         68   use_no_semi.o
         2          0          0          0          0         68   use_no_semi_2.o
       430          8          0          0          0        168   faddsub_clz.o
       388         76          0          0          0         96   fdiv.o
        62          4          0          0          0         84   ffixu.o
        86          0          0          0          0        136   fflt_clz.o
       258          4          0          0          0         84   fmul.o
       140          4          0          0          0         84   fnaninf.o
        10          0          0          0          0         68   fretinf.o
         0          0          0          0          0          0   usenofp.o

    ----------------------------------------------------------------------
      2842        140         20          0        100       2228   Library Totals
        16          0          3          0          4          0   (incl. Padding)

    ----------------------------------------------------------------------

      Code (inc. data)   RO Data    RW Data    ZI Data      Debug   Library Name

      1452         44         17          0         96       1508   c_w.l
      1374         96          0          0          0        720   fz_ws.l

    ----------------------------------------------------------------------
      2842        140         20          0        100       2228   Library Totals

    ----------------------------------------------------------------------

==============================================================================


      Code (inc. data)   RO Data    RW Data    ZI Data      Debug   

     34420       3936        556        944       9624     696340   Grand Totals
     34420       3936        556        432       9624     696340   ELF Image Totals (compressed)
     34420       3936        556        432          0          0   ROM Totals

==============================================================================

    Total RO  Size (Code + RO Data)                34976 (  34.16kB)
    Total RW  Size (RW Data + ZI Data)             10568 (  10.32kB)
    Total ROM Size (Code + RO Data + RW Data)      35408 (  34.58kB)

==============================================================================

